Component: ARM Compiler 5.06 update 3 (build 300) Tool: armlink [4d35c9]

==============================================================================

Section Cross References

    main.o(i.main) refers to system_stm32f10x.o(i.SystemCoreClockUpdate) for SystemCoreClockUpdate
    main.o(i.main) refers to config.o(i.SysTick_Init) for SysTick_Init
    main.o(i.main) refers to config.o(i.configADC) for configADC
    main.o(i.main) refers to glcd_mcbstm32c.o(i.GLCD_Initialize) for GLCD_Initialize
    main.o(i.main) refers to glcd_mcbstm32c.o(i.GLCD_SetForegroundColor) for GLCD_SetForegroundColor
    main.o(i.main) refers to glcd_mcbstm32c.o(i.GLCD_SetBackgroundColor) for GLCD_SetBackgroundColor
    main.o(i.main) refers to glcd_mcbstm32c.o(i.GLCD_SetFont) for GLCD_SetFont
    main.o(i.main) refers to glcd_mcbstm32c.o(i.GLCD_ClearScreen) for GLCD_ClearScreen
    main.o(i.main) refers to config.o(i.startTIM) for startTIM
    main.o(i.main) refers to config.o(i.EXTI_Config) for EXTI_Config
    main.o(i.main) refers to environment.o(i.environment) for environment
    main.o(i.main) refers to glcd_fonts.o(.constdata) for GLCD_Font_16x24
    config.o(i.EXTI_Config) refers to stm32f10x_rcc.o(i.RCC_APB2PeriphClockCmd) for RCC_APB2PeriphClockCmd
    config.o(i.EXTI_Config) refers to stm32f10x_gpio.o(i.GPIO_Init) for GPIO_Init
    config.o(i.EXTI_Config) refers to stm32f10x_gpio.o(i.GPIO_EXTILineConfig) for GPIO_EXTILineConfig
    config.o(i.EXTI_Config) refers to stm32f10x_exti.o(i.EXTI_Init) for EXTI_Init
    config.o(i.EXTI_Config) refers to misc.o(i.NVIC_Init) for NVIC_Init
    config.o(i.EXTI_Config) refers to config.o(.data) for gpioInit
    config.o(i.SysTick_Handler) refers to config.o(.data) for msTicks
    config.o(i.SysTick_Init) refers to system_stm32f10x.o(.data) for SystemCoreClock
    config.o(i.configADC) refers to stm32f10x_rcc.o(i.RCC_ADCCLKConfig) for RCC_ADCCLKConfig
    config.o(i.configADC) refers to stm32f10x_rcc.o(i.RCC_APB2PeriphClockCmd) for RCC_APB2PeriphClockCmd
    config.o(i.configADC) refers to stm32f10x_gpio.o(i.GPIO_Init) for GPIO_Init
    config.o(i.configADC) refers to stm32f10x_adc.o(i.ADC_Init) for ADC_Init
    config.o(i.configADC) refers to stm32f10x_adc.o(i.ADC_RegularChannelConfig) for ADC_RegularChannelConfig
    config.o(i.configADC) refers to stm32f10x_adc.o(i.ADC_Cmd) for ADC_Cmd
    config.o(i.configADC) refers to stm32f10x_adc.o(i.ADC_ResetCalibration) for ADC_ResetCalibration
    config.o(i.configADC) refers to stm32f10x_adc.o(i.ADC_GetCalibrationStatus) for ADC_GetCalibrationStatus
    config.o(i.configADC) refers to stm32f10x_adc.o(i.ADC_StartCalibration) for ADC_StartCalibration
    config.o(i.configADC) refers to stm32f10x_adc.o(i.ADC_ExternalTrigConvCmd) for ADC_ExternalTrigConvCmd
    config.o(i.configADC) refers to config.o(.data) for gpioInit
    config.o(i.startTIM) refers to stm32f10x_rcc.o(i.RCC_PCLK1Config) for RCC_PCLK1Config
    config.o(i.startTIM) refers to stm32f10x_rcc.o(i.RCC_APB1PeriphClockCmd) for RCC_APB1PeriphClockCmd
    config.o(i.startTIM) refers to misc.o(i.NVIC_Init) for NVIC_Init
    config.o(i.startTIM) refers to stm32f10x_tim.o(i.TIM_TimeBaseInit) for TIM_TimeBaseInit
    config.o(i.startTIM) refers to stm32f10x_tim.o(i.TIM_OC1Init) for TIM_OC1Init
    config.o(i.startTIM) refers to stm32f10x_tim.o(i.TIM_OC1PreloadConfig) for TIM_OC1PreloadConfig
    config.o(i.startTIM) refers to stm32f10x_tim.o(i.TIM_ITConfig) for TIM_ITConfig
    config.o(i.startTIM) refers to stm32f10x_tim.o(i.TIM_Cmd) for TIM_Cmd
    config.o(i.startTIM) refers to config.o(.data) for nvicInit
    config.o(i.startTIM) refers to config.o(.bss) for timTBInit
    environment.o(i.EXTI15_10_IRQHandler) refers to stm32f10x_exti.o(i.EXTI_ClearITPendingBit) for EXTI_ClearITPendingBit
    environment.o(i.EXTI15_10_IRQHandler) refers to environment.o(.data) for flagShot
    environment.o(i.EXTI9_5_IRQHandler) refers to stm32f10x_exti.o(i.EXTI_ClearITPendingBit) for EXTI_ClearITPendingBit
    environment.o(i.EXTI9_5_IRQHandler) refers to environment.o(.data) for flagMenu
    environment.o(i.TIM4_IRQHandler) refers to stm32f10x_tim.o(i.TIM_GetITStatus) for TIM_GetITStatus
    environment.o(i.TIM4_IRQHandler) refers to stm32f10x_tim.o(i.TIM_ClearITPendingBit) for TIM_ClearITPendingBit
    environment.o(i.TIM4_IRQHandler) refers to stm32f10x_tim.o(i.TIM_GetCapture1) for TIM_GetCapture1
    environment.o(i.TIM4_IRQHandler) refers to stm32f10x_tim.o(i.TIM_SetCompare1) for TIM_SetCompare1
    environment.o(i.TIM4_IRQHandler) refers to environment.o(.data) for valueTIM
    environment.o(i.checkColision) refers to glcd_mcbstm32c.o(i.GLCD_SetForegroundColor) for GLCD_SetForegroundColor
    environment.o(i.checkColision) refers to space.o(i.moveBullet) for moveBullet
    environment.o(i.checkColision) refers to environment.o(i.removeBullet) for removeBullet
    environment.o(i.checkColision) refers to glcd_mcbstm32c.o(i.GLCD_DrawBargraph) for GLCD_DrawBargraph
[...]
    i.EXTI_Init                              0x08000c48   Section        0  stm32f10x_exti.o(i.EXTI_Init)
    i.GLCD_ClearScreen                       0x08000cdc   Section        0  glcd_mcbstm32c.o(i.GLCD_ClearScreen)
    i.GLCD_DrawBargraph                      0x08000d18   Section        0  glcd_mcbstm32c.o(i.GLCD_DrawBargraph)
    i.GLCD_DrawBitmap                        0x08000d88   Section        0  glcd_mcbstm32c.o(i.GLCD_DrawBitmap)
    i.GLCD_DrawChar                          0x08000ddc   Section        0  glcd_mcbstm32c.o(i.GLCD_DrawChar)
    i.GLCD_DrawString                        0x08000eac   Section        0  glcd_mcbstm32c.o(i.GLCD_DrawString)
    i.GLCD_DrawVLine                         0x08000ed8   Section        0  glcd_mcbstm32c.o(i.GLCD_DrawVLine)
    i.GLCD_Initialize                        0x08000f14   Section        0  glcd_mcbstm32c.o(i.GLCD_Initialize)
    i.GLCD_SetBackgroundColor                0x08001524   Section        0  glcd_mcbstm32c.o(i.GLCD_SetBackgroundColor)
    i.GLCD_SetFont                           0x08001534   Section        0  glcd_mcbstm32c.o(i.GLCD_SetFont)
    i.GLCD_SetForegroundColor                0x08001544   Section        0  glcd_mcbstm32c.o(i.GLCD_SetForegroundColor)
    i.GLCD_SetWindow                         0x08001554   Section        0  glcd_mcbstm32c.o(i.GLCD_SetWindow)
    GLCD_SetWindow                           0x08001555   Thumb Code   168  glcd_mcbstm32c.o(i.GLCD_SetWindow)
    i.GPIO_AFConfigure                       0x08001600   Section        0  gpio_stm32f10x.o(i.GPIO_AFConfigure)
    i.GPIO_EXTILineConfig                    0x0800169c   Section        0  stm32f10x_gpio.o(i.GPIO_EXTILineConfig)
    i.GPIO_GetPortClockState                 0x080016dc   Section        0  gpio_stm32f10x.o(i.GPIO_GetPortClockState)
    i.GPIO_Init                              0x08001774   Section        0  stm32f10x_gpio.o(i.GPIO_Init)
    i.GPIO_PinConfigure                      0x0800188a   Section        0  gpio_stm32f10x.o(i.GPIO_PinConfigure)
    i.GPIO_PortClock                         0x08001904   Section        0  gpio_stm32f10x.o(i.GPIO_PortClock)
    i.NVIC_Init                              0x08001a40   Section        0  misc.o(i.NVIC_Init)
    i.RCC_ADCCLKConfig                       0x08001ab0   Section        0  stm32f10x_rcc.o(i.RCC_ADCCLKConfig)
    i.RCC_APB1PeriphClockCmd                 0x08001ac8   Section        0  stm32f10x_rcc.o(i.RCC_APB1PeriphClockCmd)
    i.RCC_APB2PeriphClockCmd                 0x08001ae8   Section        0  stm32f10x_rcc.o(i.RCC_APB2PeriphClockCmd)
    i.RCC_PCLK1Config                        0x08001b08   Section        0  stm32f10x_rcc.o(i.RCC_PCLK1Config)
    i.SPI3_Control                           0x08001b20   Section        0  spi_stm32f10x.o(i.SPI3_Control)
    SPI3_Control                             0x08001b21   Thumb Code    18  spi_stm32f10x.o(i.SPI3_Control)
    i.SPI3_GetDataCount                      0x08001b38   Section        0  spi_stm32f10x.o(i.SPI3_GetDataCount)
    SPI3_GetDataCount                        0x08001b39   Thumb Code    10  spi_stm32f10x.o(i.SPI3_GetDataCount)
    i.SPI3_GetStatus                         0x08001b48   Section        0  spi_stm32f10x.o(i.SPI3_GetStatus)
    SPI3_GetStatus                           0x08001b49   Thumb Code    12  spi_stm32f10x.o(i.SPI3_GetStatus)
    i.SPI3_IRQHandler                        0x08001b58   Section        0  spi_stm32f10x.o(i.SPI3_IRQHandler)
    i.SPI3_Initialize                        0x08001b68   Section        0  spi_stm32f10x.o(i.SPI3_Initialize)
    SPI3_Initialize                          0x08001b69   Thumb Code    14  spi_stm32f10x.o(i.SPI3_Initialize)
    i.SPI3_PowerControl                      0x08001b7c   Section        0  spi_stm32f10x.o(i.SPI3_PowerControl)
    SPI3_PowerControl                        0x08001b7d   Thumb Code    14  spi_stm32f10x.o(i.SPI3_PowerControl)
    i.SPI3_Receive                           0x08001b90   Section        0  spi_stm32f10x.o(i.SPI3_Receive)
    SPI3_Receive                             0x08001b91   Thumb Code    18  spi_stm32f10x.o(i.SPI3_Receive)
    i.SPI3_Send                              0x08001ba8   Section        0  spi_stm32f10x.o(i.SPI3_Send)
    SPI3_Send                                0x08001ba9   Thumb Code    18  spi_stm32f10x.o(i.SPI3_Send)
    i.SPI3_Transfer                          0x08001bc0   Section        0  spi_stm32f10x.o(i.SPI3_Transfer)
    SPI3_Transfer                            0x08001bc1   Thumb Code    22  spi_stm32f10x.o(i.SPI3_Transfer)
    i.SPI3_Uninitialize                      0x08001bdc   Section        0  spi_stm32f10x.o(i.SPI3_Uninitialize)
    SPI3_Uninitialize                        0x08001bdd   Thumb Code    10  spi_stm32f10x.o(i.SPI3_Uninitialize)
    i.SPIX_GetCapabilities                   0x08001bec   Section        0  spi_stm32f10x.o(i.SPIX_GetCapabilities)
    SPIX_GetCapabilities                     0x08001bed   Thumb Code     6  spi_stm32f10x.o(i.SPIX_GetCapabilities)
    i.SPIX_GetVersion                        0x08001bf8   Section        0  spi_stm32f10x.o(i.SPIX_GetVersion)
    SPIX_GetVersion                          0x08001bf9   Thumb Code    10  spi_stm32f10x.o(i.SPIX_GetVersion)
    i.SPI_Control                            0x08001c08   Section        0  spi_stm32f10x.o(i.SPI_Control)
    SPI_Control                              0x08001c09   Thumb Code  1072  spi_stm32f10x.o(i.SPI_Control)
    i.SPI_GetDataCount                       0x08002038   Section        0  spi_stm32f10x.o(i.SPI_GetDataCount)
    SPI_GetDataCount                         0x08002039   Thumb Code     8  spi_stm32f10x.o(i.SPI_GetDataCount)
    i.SPI_GetStatus                          0x08002040   Section        0  spi_stm32f10x.o(i.SPI_GetStatus)
    SPI_GetStatus                            0x08002041   Thumb Code    90  spi_stm32f10x.o(i.SPI_GetStatus)
    i.SPI_IRQHandler                         0x0800209a   Section        0  spi_stm32f10x.o(i.SPI_IRQHandler)
    i.SPI_Initialize                         0x080022a2   Section        0  spi_stm32f10x.o(i.SPI_Initialize)
    SPI_Initialize                           0x080022a3   Thumb Code   194  spi_stm32f10x.o(i.SPI_Initialize)
    i.SPI_PeripheralReset                    0x08002364   Section        0  spi_stm32f10x.o(i.SPI_PeripheralReset)
    SPI_PeripheralReset                      0x08002365   Thumb Code   118  spi_stm32f10x.o(i.SPI_PeripheralReset)
    i.SPI_PowerControl                       0x080023ec   Section        0  spi_stm32f10x.o(i.SPI_PowerControl)
    SPI_PowerControl                         0x080023ed   Thumb Code   380  spi_stm32f10x.o(i.SPI_PowerControl)
    i.SPI_RX_DMA_Complete                    0x08002580   Section        0  spi_stm32f10x.o(i.SPI_RX_DMA_Complete)
    i.SPI_Receive                            0x080025c4   Section        0  spi_stm32f10x.o(i.SPI_Receive)
    SPI_Receive                              0x080025c5   Thumb Code   332  spi_stm32f10x.o(i.SPI_Receive)
    i.SPI_Send                               0x08002710   Section        0  spi_stm32f10x.o(i.SPI_Send)
    SPI_Send                                 0x08002711   Thumb Code   328  spi_stm32f10x.o(i.SPI_Send)
    i.SPI_TX_DMA_Complete                    0x08002858   Section        0  spi_stm32f10x.o(i.SPI_TX_DMA_Complete)
    i.SPI_Transfer                           0x08002884   Section        0  spi_stm32f10x.o(i.SPI_Transfer)
    SPI_Transfer                             0x08002885   Thumb Code   288  spi_stm32f10x.o(i.SPI_Transfer)
    i.SPI_Uninitialize                       0x080029a4   Section        0  spi_stm32f10x.o(i.SPI_Uninitialize)
    SPI_Uninitialize                         0x080029a5   Thumb Code   114  spi_stm32f10x.o(i.SPI_Uninitialize)
    i.SetSysClock                            0x08002a16   Section        0  system_stm32f10x.o(i.SetSysClock)
    SetSysClock                              0x08002a17   Thumb Code     8  system_stm32f10x.o(i.SetSysClock)
    i.SetSysClockTo72                        0x08002a20   Section        0  system_stm32f10x.o(i.SetSysClockTo72)
    SetSysClockTo72                          0x08002a21   Thumb Code   264  system_stm32f10x.o(i.SetSysClockTo72)
    i.SysTick_Handler                        0x08002b38   Section        0  config.o(i.SysTick_Handler)
    i.SysTick_Init                           0x08002b48   Section        0  config.o(i.SysTick_Init)
    i.SystemCoreClockUpdate                  0x08002ba0   Section        0  system_stm32f10x.o(i.SystemCoreClockUpdate)
    i.SystemInit                             0x08002ca0   Section        0  system_stm32f10x.o(i.SystemInit)
    i.TIM4_IRQHandler                        0x08002d0c   Section        0  environment.o(i.TIM4_IRQHandler)
    i.TIM_ClearITPendingBit                  0x08002d50   Section        0  stm32f10x_tim.o(i.TIM_ClearITPendingBit)
    i.TIM_Cmd                                0x08002d56   Section        0  stm32f10x_tim.o(i.TIM_Cmd)
    i.TIM_GetCapture1                        0x08002d6e   Section        0  stm32f10x_tim.o(i.TIM_GetCapture1)
    i.TIM_GetITStatus                        0x08002d74   Section        0  stm32f10x_tim.o(i.TIM_GetITStatus)
    i.TIM_ITConfig                           0x08002d96   Section        0  stm32f10x_tim.o(i.TIM_ITConfig)
    i.TIM_OC1Init                            0x08002da8   Section        0  stm32f10x_tim.o(i.TIM_OC1Init)
    i.TIM_OC1PreloadConfig                   0x08002e40   Section        0  stm32f10x_tim.o(i.TIM_OC1PreloadConfig)
    i.TIM_SetCompare1                        0x08002e52   Section        0  stm32f10x_tim.o(i.TIM_SetCompare1)
    i.TIM_TimeBaseInit                       0x08002e58   Section        0  stm32f10x_tim.o(i.TIM_TimeBaseInit)
    i.__ARM_fpclassify                       0x08002efc   Section        0  fpclassify.o(i.__ARM_fpclassify)
    i.__NVIC_ClearPendingIRQ                 0x08002f24   Section        0  dma_stm32f10x.o(i.__NVIC_ClearPendingIRQ)
    __NVIC_ClearPendingIRQ                   0x08002f25   Thumb Code    22  dma_stm32f10x.o(i.__NVIC_ClearPendingIRQ)
    i.__NVIC_DisableIRQ                      0x08002f40   Section        0  dma_stm32f10x.o(i.__NVIC_DisableIRQ)
    __NVIC_DisableIRQ                        0x08002f41   Thumb Code    54  dma_stm32f10x.o(i.__NVIC_DisableIRQ)
    i.__NVIC_EnableIRQ                       0x08002f7c   Section        0  dma_stm32f10x.o(i.__NVIC_EnableIRQ)
    __NVIC_EnableIRQ                         0x08002f7d   Thumb Code    26  dma_stm32f10x.o(i.__NVIC_EnableIRQ)
    i.__kernel_poly                          0x08002f96   Section        0  poly.o(i.__kernel_poly)
    i.__mathlib_dbl_divzero                  0x08003040   Section        0  dunder.o(i.__mathlib_dbl_divzero)
    i.__mathlib_dbl_infnan2                  0x08003050   Section        0  dunder.o(i.__mathlib_dbl_infnan2)
    i.__mathlib_dbl_invalid                  0x08003054   Section        0  dunder.o(i.__mathlib_dbl_invalid)
    i.__mathlib_dbl_overflow                 0x08003060   Section        0  dunder.o(i.__mathlib_dbl_overflow)
    i.__mathlib_dbl_underflow                0x08003070   Section        0  dunder.o(i.__mathlib_dbl_underflow)
    i.calcDist                               0x08003080   Section        0  space.o(i.calcDist)
    i.checkColision                          0x080030dc   Section        0  environment.o(i.checkColision)
    i.configADC                              0x08003254   Section        0  config.o(i.configADC)
    i.createBullet                           0x080032f4   Section        0  environment.o(i.createBullet)
    i.delay_ms                               0x08003350   Section        0  glcd_mcbstm32c.o(i.delay_ms)
    delay_ms                                 0x08003351   Thumb Code    38  glcd_mcbstm32c.o(i.delay_ms)
    i.drawBullet                             0x0800337c   Section        0  space.o(i.drawBullet)
    i.drawEnemy                              0x0800339c   Section        0  space.o(i.drawEnemy)
    i.drawPlayer                             0x080033bc   Section        0  space.o(i.drawPlayer)
    i.environment                            0x080033dc   Section        0  environment.o(i.environment)
    i.findScore                              0x080037dc   Section        0  environment.o(i.findScore)
    i.main                                   0x08003824   Section        0  main.o(i.main)
    i.moveAllEnemies                         0x08003888   Section        0  environment.o(i.moveAllEnemies)
    i.moveBullet                             0x08003950   Section        0  space.o(i.moveBullet)
    i.moveEnemyX                             0x08003958   Section        0  space.o(i.moveEnemyX)
    i.moveEnemyY                             0x08003976   Section        0  space.o(i.moveEnemyY)
    i.movePlayer                             0x0800397e   Section        0  space.o(i.movePlayer)
    i.pow                                    0x0800399c   Section        0  pow.o(i.pow)
    i.printHighScores                        0x08004374   Section        0  environment.o(i.printHighScores)
    i.printStatusMenu                        0x0800455c   Section        0  environment.o(i.printStatusMenu)
    i.rd_dat                                 0x08004604   Section        0  glcd_mcbstm32c.o(i.rd_dat)
    rd_dat                                   0x08004605   Thumb Code    64  glcd_mcbstm32c.o(i.rd_dat)
    i.rd_id_man                              0x08004648   Section        0  glcd_mcbstm32c.o(i.rd_id_man)
    rd_id_man                                0x08004649   Thumb Code   256  glcd_mcbstm32c.o(i.rd_id_man)
    i.rd_reg                                 0x08004750   Section        0  glcd_mcbstm32c.o(i.rd_reg)
    rd_reg                                   0x08004751   Thumb Code    16  glcd_mcbstm32c.o(i.rd_reg)
    i.removeBullet                           0x08004760   Section        0  environment.o(i.removeBullet)
    i.removeEnemy                            0x080047bc   Section        0  environment.o(i.removeEnemy)
    i.restartSpace                           0x08004818   Section        0  environment.o(i.restartSpace)
    i.setBullet                              0x0800492c   Section        0  space.o(i.setBullet)
    i.setEnemy                               0x08004936   Section        0  space.o(i.setEnemy)
    i.setPlayer                              0x08004940   Section        0  space.o(i.setPlayer)
    i.setPos                                 0x0800494a   Section        0  space.o(i.setPos)
    i.spi_tran                               0x08004950   Section        0  glcd_mcbstm32c.o(i.spi_tran)
    spi_tran                                 0x08004951   Thumb Code    40  glcd_mcbstm32c.o(i.spi_tran)
    i.spi_tran_man                           0x0800497c   Section        0  glcd_mcbstm32c.o(i.spi_tran_man)
    spi_tran_man                             0x0800497d   Thumb Code   200  glcd_mcbstm32c.o(i.spi_tran_man)
    i.sqrt                                   0x08004a48   Section        0  sqrt.o(i.sqrt)
    i.startSpace                             0x08004a94   Section        0  environment.o(i.startSpace)
    i.startTIM                               0x08004bf0   Section        0  config.o(i.startTIM)
    i.updateScreen                           0x08004c74   Section        0  environment.o(i.updateScreen)
    i.wr_cmd                                 0x08004d20   Section        0  glcd_mcbstm32c.o(i.wr_cmd)
    wr_cmd                                   0x08004d21   Thumb Code    70  glcd_mcbstm32c.o(i.wr_cmd)
    i.wr_dat_only                            0x08004d6c   Section        0  glcd_mcbstm32c.o(i.wr_dat_only)
    wr_dat_only                              0x08004d6d   Thumb Code    46  glcd_mcbstm32c.o(i.wr_dat_only)
    i.wr_dat_start                           0x08004da0   Section        0  glcd_mcbstm32c.o(i.wr_dat_start)
    wr_dat_start                             0x08004da1   Thumb Code    20  glcd_mcbstm32c.o(i.wr_dat_start)
    i.wr_dat_stop                            0x08004db8   Section        0  glcd_mcbstm32c.o(i.wr_dat_stop)
    wr_dat_stop                              0x08004db9   Thumb Code    14  glcd_mcbstm32c.o(i.wr_dat_stop)
    i.wr_reg                                 0x08004dcc   Section        0  glcd_mcbstm32c.o(i.wr_reg)
    wr_reg                                   0x08004dcd   Thumb Code   140  glcd_mcbstm32c.o(i.wr_reg)
    x$fpl$dadd                               0x08004e5c   Section      336  daddsub_clz.o(x$fpl$dadd)
    _dadd1                                   0x08004e6d   Thumb Code     0  daddsub_clz.o(x$fpl$dadd)
    x$fpl$dcheck1                            0x08004fac   Section       16  dcheck1.o(x$fpl$dcheck1)
    x$fpl$dcmpinf                            0x08004fbc   Section       24  dcmpi.o(x$fpl$dcmpinf)
    x$fpl$ddiv                               0x08004fd4   Section      688  ddiv.o(x$fpl$ddiv)
    ddiv_entry                               0x08004fdb   Thumb Code     0  ddiv.o(x$fpl$ddiv)
    x$fpl$dflt                               0x08005284   Section       46  dflt_clz.o(x$fpl$dflt)
    x$fpl$dleqf                              0x080052b4   Section      120  dleqf.o(x$fpl$dleqf)
    x$fpl$dmul                               0x0800532c   Section      340  dmul.o(x$fpl$dmul)
    x$fpl$dnaninf                            0x08005480   Section      156  dnaninf.o(x$fpl$dnaninf)
    x$fpl$dretinf                            0x0800551c   Section       12  dretinf.o(x$fpl$dretinf)
    x$fpl$drleqf                             0x08005528   Section      108  drleqf.o(x$fpl$drleqf)
    x$fpl$drsb                               0x08005594   Section       22  daddsub_clz.o(x$fpl$drsb)
    x$fpl$dsqrt                              0x080055ac   Section      460  dsqrt_noumaal.o(x$fpl$dsqrt)
    x$fpl$dsub                               0x08005778   Section      468  daddsub_clz.o(x$fpl$dsub)
    _dsub1                                   0x08005789   Thumb Code     0  daddsub_clz.o(x$fpl$dsub)
    x$fpl$retnan                             0x0800594c   Section      100  retnan.o(x$fpl$retnan)
    x$fpl$scalbn                             0x080059b0   Section       92  scalbn.o(x$fpl$scalbn)
    x$fpl$trapveneer                         0x08005a0c   Section       48  trapv.o(x$fpl$trapveneer)
    .constdata                               0x08005a3c   Section    52008  sprites.o(.constdata)
    x$fpl$usenofp                            0x08005a3c   Section        0  usenofp.o(x$fpl$usenofp)
    .constdata                               0x08012564   Section     6304  glcd_fonts.o(.constdata)
    Font_6x8_h                               0x08012564   Data         896  glcd_fonts.o(.constdata)
    Font_16x24_h                             0x080128e4   Data        5376  glcd_fonts.o(.constdata)
    .constdata                               0x08013e04   Section      132  spi_stm32f10x.o(.constdata)
    DriverVersion                            0x08013e04   Data           4  spi_stm32f10x.o(.constdata)
    DriverCapabilities                       0x08013e08   Data           4  spi_stm32f10x.o(.constdata)
    SPI3_mosi                                0x08013e0c   Data           8  spi_stm32f10x.o(.constdata)
    SPI3_miso                                0x08013e14   Data           8  spi_stm32f10x.o(.constdata)
    SPI3_nss                                 0x08013e1c   Data           8  spi_stm32f10x.o(.constdata)
    SPI3_sck                                 0x08013e24   Data           8  spi_stm32f10x.o(.constdata)
    SPI3_Resources                           0x08013e2c   Data          48  spi_stm32f10x.o(.constdata)
    .constdata                               0x08013e88   Section      136  pow.o(.constdata)
    bp                                       0x08013e88   Data          16  pow.o(.constdata)
    dp_h                                     0x08013e98   Data          16  pow.o(.constdata)
    dp_l                                     0x08013ea8   Data          16  pow.o(.constdata)
    L                                        0x08013eb8   Data          48  pow.o(.constdata)
    P                                        0x08013ee8   Data          40  pow.o(.constdata)
    .constdata                               0x08013f10   Section        8  qnan.o(.constdata)
    .data                                    0x20000000   Section       20  config.o(.data)
    .data                                    0x20000014   Section       70  environment.o(.data)
    .data                                    0x2000005c   Section        9  glcd_mcbstm32c.o(.data)
    foreground_color                         0x2000005c   Data           2  glcd_mcbstm32c.o(.data)
    background_color                         0x2000005e   Data           2  glcd_mcbstm32c.o(.data)
    active_font                              0x20000060   Data           4  glcd_mcbstm32c.o(.data)
    Himax                                    0x20000064   Data           1  glcd_mcbstm32c.o(.data)
    .data                                    0x20000068   Section       16  spi_stm32f10x.o(.data)
    SPI3_DMA_Rx                              0x20000068   Data           8  spi_stm32f10x.o(.data)
    SPI3_DMA_Tx                              0x20000070   Data           8  spi_stm32f10x.o(.data)
    .data                                    0x20000078   Section        2  dma_stm32f10x.o(.data)
    DMA1_Channel                             0x20000078   Data           1  dma_stm32f10x.o(.data)
    DMA2_Channel                             0x20000079   Data           1  dma_stm32f10x.o(.data)
    .data                                    0x2000007c   Section       20  system_stm32f10x.o(.data)
    .bss                                     0x20000090   Section       26  config.o(.bss)
    .bss                                     0x200000ac   Section      526  environment.o(.bss)
    .bss                                     0x200002bc   Section       40  spi_stm32f10x.o(.bss)
    SPI3_Info                                0x200002bc   Data          12  spi_stm32f10x.o(.bss)
    SPI3_TransferInfo                        0x200002c8   Data          28  spi_stm32f10x.o(.bss)
    .bss                                     0x200002e4   Section       96  libspace.o(.bss)
    HEAP                                     0x20000348   Section      512  startup_stm32f10x_cl.o(HEAP)
    Heap_Mem                                 0x20000348   Data         512  startup_stm32f10x_cl.o(HEAP)
    STACK                                    0x20000548   Section     1024  startup_stm32f10x_cl.o(STACK)
    Stack_Mem                                0x20000548   Data        1024  startup_stm32f10x_cl.o(STACK)
    __initial_sp                             0x20000948   Data           0  startup_stm32f10x_cl.o(STACK)

    Global Symbols

    Symbol Name                              Value     Ov Type        Size  Object(Section)

    BuildAttributes$$THM_ISAv4$P$D$K$B$S$PE$A:L22UL41UL21$X:L11$S22US41US21$IEEE1$IW$USESV6$~STKCKD$USESV7$~SHL$OTIME$ROPI$IEEEX$EBA8$UX$STANDARDLIB$REQ8$PRES8$EABIv2 0x00000000   Number         0  anon$$obj.o ABSOLUTE
    __ARM_use_no_argv                        0x00000000   Number         0  main.o ABSOLUTE
    __ARM_exceptions_init                     - Undefined Weak Reference
    __alloca_initialize                       - Undefined Weak Reference
    __arm_preinit_                            - Undefined Weak Reference
    __cpp_initialize__aeabi_                  - Undefined Weak Reference
    __cxa_finalize                            - Undefined Weak Reference
    __rt_locale                               - Undefined Weak Reference
    __sigvec_lookup                           - Undefined Weak Reference
    _atexit_init                              - Undefined Weak Reference
    _call_atexit_fns                          - Undefined Weak Reference
    _clock_init                               - Undefined Weak Reference
    _fp_trap_init                             - Undefined Weak Reference
    _fp_trap_shutdown                         - Undefined Weak Reference
    _get_lc_collate                           - Undefined Weak Reference
    _get_lc_ctype                             - Undefined Weak Reference
    _get_lc_monetary                          - Undefined Weak Reference
    _get_lc_numeric                           - Undefined Weak Reference
    _get_lc_time                              - Undefined Weak Reference
    _getenv_init                              - Undefined Weak Reference
    _handle_redirection                       - Undefined Weak Reference
    _init_alloc                               - Undefined Weak Reference
    _init_user_alloc                          - Undefined Weak Reference
    _initio                                   - Undefined Weak Reference
    _printf_post_padding                      - Undefined Weak Reference
    _printf_pre_padding                       - Undefined Weak Reference
    _printf_truncate_signed                   - Undefined Weak Reference
    _printf_truncate_unsigned                 - Undefined Weak Reference
    _rand_init                                - Undefined Weak Reference
    _signal_finish                            - Undefined Weak Reference
    _signal_init                              - Undefined Weak Reference
    _terminate_alloc                          - Undefined Weak Reference
    _terminate_user_alloc                     - Undefined Weak Reference
    _terminateio                              - Undefined Weak Reference
    __Vectors_Size                           0x00000150   Number         0  startup_stm32f10x_cl.o ABSOLUTE
    __Vectors                                0x08000000   Data           4  startup_stm32f10x_cl.o(RESET)
    __Vectors_End                            0x08000150   Data           0  startup_stm32f10x_cl.o(RESET)
    __main                                   0x08000151   Thumb Code     8  __main.o(!!!main)
    __scatterload                            0x08000159   Thumb Code     0  __scatter.o(!!!scatter)
    __scatterload_rt2                        0x08000159   Thumb Code    44  __scatter.o(!!!scatter)
    __scatterload_rt2_thumb_only             0x08000159   Thumb Code     0  __scatter.o(!!!scatter)
    __scatterload_null                       0x08000167   Thumb Code     0  __scatter.o(!!!scatter)
    __scatterload_copy                       0x0800018d   Thumb Code    26  __scatter_copy.o(!!handler_copy)
    __scatterload_zeroinit                   0x080001a9   Thumb Code    28  __scatter_zi.o(!!handler_zi)
    _printf_d                                0x080001c5   Thumb Code     0  _printf_d.o(.ARM.Collect$$_printf_percent$$00000009)
    _printf_percent                          0x080001c5   Thumb Code     0  _printf_percent.o(.ARM.Collect$$_printf_percent$$00000000)
    _printf_percent_end                      0x080001cb   Thumb Code     0  _printf_percent_end.o(.ARM.Collect$$_printf_percent$$00000017)
    __rt_lib_init                            0x080001cf   Thumb Code     0  libinit.o(.ARM.Collect$$libinit$$00000000)
    __rt_lib_init_alloca_1                   0x080001d1   Thumb Code     0  libinit2.o(.ARM.Collect$$libinit$$0000002E)
    __rt_lib_init_argv_1                     0x080001d1   Thumb Code     0  libinit2.o(.ARM.Collect$$libinit$$0000002C)
    __rt_lib_init_atexit_1                   0x080001d1   Thumb Code     0  libinit2.o(.ARM.Collect$$libinit$$0000001B)
    __rt_lib_init_clock_1                    0x080001d1   Thumb Code     0  libinit2.o(.ARM.Collect$$libinit$$00000021)
    __rt_lib_init_cpp_1                      0x080001d1   Thumb Code     0  libinit2.o(.ARM.Collect$$libinit$$00000032)
    __rt_lib_init_exceptions_1               0x080001d1   Thumb Code     0  libinit2.o(.ARM.Collect$$libinit$$00000030)
    __rt_lib_init_fp_1                       0x080001d1   Thumb Code     0  libinit2.o(.ARM.Collect$$libinit$$00000002)
    __rt_lib_init_fp_trap_1                  0x080001d1   Thumb Code     0  libinit2.o(.ARM.Collect$$libinit$$0000001F)
    __rt_lib_init_getenv_1                   0x080001d1   Thumb Code     0  libinit2.o(.ARM.Collect$$libinit$$00000023)
    __rt_lib_init_heap_1                     0x080001d1   Thumb Code     0  libinit2.o(.ARM.Collect$$libinit$$0000000A)
    __rt_lib_init_lc_collate_1               0x080001d1   Thumb Code     0  libinit2.o(.ARM.Collect$$libinit$$00000011)
    __rt_lib_init_lc_ctype_1                 0x080001d1   Thumb Code     0  libinit2.o(.ARM.Collect$$libinit$$00000013)
    __rt_lib_init_lc_monetary_1              0x080001d1   Thumb Code     0  libinit2.o(.ARM.Collect$$libinit$$00000015)
    __rt_lib_init_lc_numeric_1               0x080001d1   Thumb Code     0  libinit2.o(.ARM.Collect$$libinit$$00000017)
    __rt_lib_init_lc_time_1                  0x080001d1   Thumb Code     0  libinit2.o(.ARM.Collect$$libinit$$00000019)
    __rt_lib_init_preinit_1                  0x080001d1   Thumb Code     0  libinit2.o(.ARM.Collect$$libinit$$00000004)
    __rt_lib_init_rand_1                     0x080001d1   Thumb Code     0  libinit2.o(.ARM.Collect$$libinit$$0000000E)
    __rt_lib_init_return                     0x080001d1   Thumb Code     0  libinit2.o(.ARM.Collect$$libinit$$00000033)
    __rt_lib_init_signal_1                   0x080001d1   Thumb Code     0  libinit2.o(.ARM.Collect$$libinit$$0000001D)
    __rt_lib_init_stdio_1                    0x080001d1   Thumb Code     0  libinit2.o(.ARM.Collect$$libinit$$00000025)
    __rt_lib_init_user_alloc_1               0x080001d1   Thumb Code     0  libinit2.o(.ARM.Collect$$libinit$$0000000C)
    __rt_lib_shutdown                        0x080001d3   Thumb Code     0  libshutdown.o(.ARM.Collect$$libshutdown$$00000000)
    __rt_lib_shutdown_cpp_1                  0x080001d5   Thumb Code     0  libshutdown2.o(.ARM.Collect$$libshutdown$$00000002)
    __rt_lib_shutdown_fp_trap_1              0x080001d5   Thumb Code     0  libshutdown2.o(.ARM.Collect$$libshutdown$$00000007)
    __rt_lib_shutdown_heap_1                 0x080001d5   Thumb Code     0  libshutdown2.o(.ARM.Collect$$libshutdown$$0000000F)
    __rt_lib_shutdown_return                 0x080001d5   Thumb Code     0  libshutdown2.o(.ARM.Collect$$libshutdown$$00000010)
    __rt_lib_shutdown_signal_1               0x080001d5   Thumb Code     0  libshutdown2.o(.ARM.Collect$$libshutdown$$0000000A)
    __rt_lib_shutdown_stdio_1                0x080001d5   Thumb Code     0  libshutdown2.o(.ARM.Collect$$libshutdown$$00000004)
    __rt_lib_shutdown_user_alloc_1           0x080001d5   Thumb Code     0  libshutdown2.o(.ARM.Collect$$libshutdown$$0000000C)
    __rt_entry                               0x080001d7   Thumb Code     0  __rtentry.o(.ARM.Collect$$rtentry$$00000000)
    __rt_entry_presh_1                       0x080001d7   Thumb Code     0  __rtentry2.o(.ARM.Collect$$rtentry$$00000002)
    __rt_entry_sh                            0x080001d7   Thumb Code     0  __rtentry4.o(.ARM.Collect$$rtentry$$00000004)
    __rt_entry_li                            0x080001dd   Thumb Code     0  __rtentry2.o(.ARM.Collect$$rtentry$$0000000A)
    __rt_entry_postsh_1                      0x080001dd   Thumb Code     0  __rtentry2.o(.ARM.Collect$$rtentry$$00000009)
    __rt_entry_main                          0x080001e1   Thumb Code     0  __rtentry2.o(.ARM.Collect$$rtentry$$0000000D)
    __rt_entry_postli_1                      0x080001e1   Thumb Code     0  __rtentry2.o(.ARM.Collect$$rtentry$$0000000C)
    __rt_exit                                0x080001e9   Thumb Code     0  rtexit.o(.ARM.Collect$$rtexit$$00000000)
    __rt_exit_ls                             0x080001eb   Thumb Code     0  rtexit2.o(.ARM.Collect$$rtexit$$00000003)
    __rt_exit_prels_1                        0x080001eb   Thumb Code     0  rtexit2.o(.ARM.Collect$$rtexit$$00000002)
    __rt_exit_exit                           0x080001ef   Thumb Code     0  rtexit2.o(.ARM.Collect$$rtexit$$00000004)
    Reset_Handler                            0x080001f5   Thumb Code     8  startup_stm32f10x_cl.o(.text)
    NMI_Handler                              0x080001fd   Thumb Code     2  startup_stm32f10x_cl.o(.text)
    HardFault_Handler                        0x080001ff   Thumb Code     2  startup_stm32f10x_cl.o(.text)
    MemManage_Handler                        0x08000201   Thumb Code     2  startup_stm32f10x_cl.o(.text)
    BusFault_Handler                         0x08000203   Thumb Code     2  startup_stm32f10x_cl.o(.text)
    UsageFault_Handler                       0x08000205   Thumb Code     2  startup_stm32f10x_cl.o(.text)
    SVC_Handler                              0x08000207   Thumb Code     2  startup_stm32f10x_cl.o(.text)
    DebugMon_Handler                         0x08000209   Thumb Code     2  startup_stm32f10x_cl.o(.text)
    PendSV_Handler                           0x0800020b   Thumb Code     2  startup_stm32f10x_cl.o(.text)
    ADC1_2_IRQHandler                        0x0800020f   Thumb Code     0  startup_stm32f10x_cl.o(.text)
    CAN1_RX0_IRQHandler                      0x0800020f   Thumb Code     0  startup_stm32f10x_cl.o(.text)
    CAN1_RX1_IRQHandler                      0x0800020f   Thumb Code     0  startup_stm32f10x_cl.o(.text)
    CAN1_SCE_IRQHandler                      0x0800020f   Thumb Code     0  startup_stm32f10x_cl.o(.text)
    CAN1_TX_IRQHandler                       0x0800020f   Thumb Code     0  startup_stm32f10x_cl.o(.text)
    CAN2_RX0_IRQHandler                      0x0800020f   Thumb Code     0  startup_stm32f10x_cl.o(.text)
    CAN2_RX1_IRQHandler                      0x0800020f   Thumb Code     0  startup_stm32f10x_cl.o(.text)
    CAN2_SCE_IRQHandler                      0x0800020f   Thumb Code     0  startup_stm32f10x_cl.o(.text)
    CAN2_TX_IRQHandler                       0x0800020f   Thumb Code     0  startup_stm32f10x_cl.o(.text)
    DMA2_Channel4_IRQHandler                 0x0800020f   Thumb Code     0  startup_stm32f10x_cl.o(.text)
    ETH_IRQHandler                           0x0800020f   Thumb Code     0  startup_stm32f10x_cl.o(.text)
    ETH_WKUP_IRQHandler                      0x0800020f   Thumb Code     0  startup_stm32f10x_cl.o(.text)
    EXTI0_IRQHandler                         0x0800020f   Thumb Code     0  startup_stm32f10x_cl.o(.text)
    EXTI1_IRQHandler                         0x0800020f   Thumb Code     0  startup_stm32f10x_cl.o(.text)
    EXTI2_IRQHandler                         0x0800020f   Thumb Code     0  startup_stm32f10x_cl.o(.text)
    EXTI3_IRQHandler                         0x0800020f   Thumb Code     0  startup_stm32f10x_cl.o(.text)
    EXTI4_IRQHandler                         0x0800020f   Thumb Code     0  startup_stm32f10x_cl.o(.text)
    FLASH_IRQHandler                         0x0800020f   Thumb Code     0  startup_stm32f10x_cl.o(.text)
    I2C1_ER_IRQHandler                       0x0800020f   Thumb Code     0  startup_stm32f10x_cl.o(.text)
    I2C1_EV_IRQHandler                       0x0800020f   Thumb Code     0  startup_stm32f10x_cl.o(.text)
    I2C2_ER_IRQHandler                       0x0800020f   Thumb Code     0  startup_stm32f10x_cl.o(.text)
    I2C2_EV_IRQHandler                       0x0800020f   Thumb Code     0  startup_stm32f10x_cl.o(.text)
    OTG_FS_IRQHandler                        0x0800020f   Thumb Code     0  startup_stm32f10x_cl.o(.text)
    OTG_FS_WKUP_IRQHandler                   0x0800020f   Thumb Code     0  startup_stm32f10x_cl.o(.text)
    PVD_IRQHandler                           0x0800020f   Thumb Code     0  startup_stm32f10x_cl.o(.text)
    RCC_IRQHandler                           0x0800020f   Thumb Code     0  startup_stm32f10x_cl.o(.text)
    RTCAlarm_IRQHandler                      0x0800020f   Thumb Code     0  startup_stm32f10x_cl.o(.text)
    RTC_IRQHandler                           0x0800020f   Thumb Code     0  startup_stm32f10x_cl.o(.text)
    SPI1_IRQHandler                          0x0800020f   Thumb Code     0  startup_stm32f10x_cl.o(.text)
    SPI2_IRQHandler                          0x0800020f   Thumb Code     0  startup_stm32f10x_cl.o(.text)
    TAMPER_IRQHandler                        0x0800020f   Thumb Code     0  startup_stm32f10x_cl.o(.text)
    TIM1_BRK_IRQHandler                      0x0800020f   Thumb Code     0  startup_stm32f10x_cl.o(.text)
    TIM1_CC_IRQHandler                       0x0800020f   Thumb Code     0  startup_stm32f10x_cl.o(.text)
    TIM1_TRG_COM_IRQHandler                  0x0800020f   Thumb Code     0  startup_stm32f10x_cl.o(.text)
    TIM1_UP_IRQHandler                       0x0800020f   Thumb Code     0  startup_stm32f10x_cl.o(.text)
    TIM2_IRQHandler                          0x0800020f   Thumb Code     0  startup_stm32f10x_cl.o(.text)
    TIM3_IRQHandler                          0x0800020f   Thumb Code     0  startup_stm32f10x_cl.o(.text)
    TIM5_IRQHandler                          0x0800020f   Thumb Code     0  startup_stm32f10x_cl.o(.text)
    TIM6_IRQHandler                          0x0800020f   Thumb Code     0  startup_stm32f10x_cl.o(.text)
    TIM7_IRQHandler                          0x0800020f   Thumb Code     0  startup_stm32f10x_cl.o(.text)
    UART4_IRQHandler                         0x0800020f   Thumb Code     0  startup_stm32f10x_cl.o(.text)
    UART5_IRQHandler                         0x0800020f   Thumb Code     0  startup_stm32f10x_cl.o(.text)
    USART1_IRQHandler                        0x0800020f   Thumb Code     0  startup_stm32f10x_cl.o(.text)
    USART2_IRQHandler                        0x0800020f   Thumb Code     0  startup_stm32f10x_cl.o(.text)
    USART3_IRQHandler                        0x0800020f   Thumb Code     0  startup_stm32f10x_cl.o(.text)
    WWDG_IRQHandler                          0x0800020f   Thumb Code     0  startup_stm32f10x_cl.o(.text)
    __user_initial_stackheap                 0x08000211   Thumb Code     0  startup_stm32f10x_cl.o(.text)
    __2sprintf                               0x08000235   Thumb Code    34  noretval__2sprintf.o(.text)
    __printf                                 0x0800025d   Thumb Code   104  __printf.o(.text)
    _printf_int_dec                          0x080002c5   Thumb Code   104  _printf_dec.o(.text)
    __aeabi_memclr4                          0x0800033d   Thumb Code     0  rt_memclr_w.o(.text)
    __aeabi_memclr8                          0x0800033d   Thumb Code     0  rt_memclr_w.o(.text)
    __rt_memclr_w                            0x0800033d   Thumb Code    78  rt_memclr_w.o(.text)
    _memset_w                                0x08000341   Thumb Code     0  rt_memclr_w.o(.text)
    __use_two_region_memory                  0x0800038b   Thumb Code     2  heapauxi.o(.text)
    __rt_heap_escrow$2region                 0x0800038d   Thumb Code     2  heapauxi.o(.text)
    __rt_heap_expand$2region                 0x0800038f   Thumb Code     2  heapauxi.o(.text)
    __read_errno                             0x08000391   Thumb Code    10  _rserrno.o(.text)
    __set_errno                              0x0800039b   Thumb Code    12  _rserrno.o(.text)
    _printf_int_common                       0x080003a7   Thumb Code   178  _printf_intcommon.o(.text)
    _printf_char_common                      0x08000463   Thumb Code    32  _printf_char_common.o(.text)
    _sputc                                   0x08000489   Thumb Code    10  _sputc.o(.text)
    __aeabi_errno_addr                       0x08000495   Thumb Code     8  rt_errno_addr_intlibspace.o(.text)
    __errno$intlibspace                      0x08000495   Thumb Code     0  rt_errno_addr_intlibspace.o(.text)
    __rt_errno_addr$intlibspace              0x08000495   Thumb Code     0  rt_errno_addr_intlibspace.o(.text)
    __user_libspace                          0x0800049d   Thumb Code     8  libspace.o(.text)
    __user_perproc_libspace                  0x0800049d   Thumb Code     0  libspace.o(.text)
    __user_perthread_libspace                0x0800049d   Thumb Code     0  libspace.o(.text)
    __user_setup_stackheap                   0x080004a5   Thumb Code    74  sys_stackheap_outer.o(.text)
    exit                                     0x080004ef   Thumb Code    18  exit.o(.text)
    _sys_exit                                0x08000501   Thumb Code     8  sys_exit.o(.text)
    __I$use$semihosting                      0x0800050d   Thumb Code     0  use_no_semi.o(.text)
    __use_no_semihosting_swi                 0x0800050d   Thumb Code     2  use_no_semi.o(.text)
    ADC_Cmd                                  0x0800050f   Thumb Code    22  stm32f10x_adc.o(i.ADC_Cmd)
    __semihosting_library_function           0x0800050f   Thumb Code     0  indicate_semi.o(.text)
    ADC_ExternalTrigConvCmd                  0x08000525   Thumb Code    22  stm32f10x_adc.o(i.ADC_ExternalTrigConvCmd)
    ADC_GetCalibrationStatus                 0x0800053b   Thumb Code    20  stm32f10x_adc.o(i.ADC_GetCalibrationStatus)
    ADC_GetConversionValue                   0x0800054f   Thumb Code     8  stm32f10x_adc.o(i.ADC_GetConversionValue)
    ADC_GetFlagStatus                        0x08000557   Thumb Code    18  stm32f10x_adc.o(i.ADC_GetFlagStatus)
    ADC_Init                                 0x08000569   Thumb Code    70  stm32f10x_adc.o(i.ADC_Init)
    ADC_RegularChannelConfig                 0x080005b9   Thumb Code   184  stm32f10x_adc.o(i.ADC_RegularChannelConfig)
    ADC_ResetCalibration                     0x08000671   Thumb Code    10  stm32f10x_adc.o(i.ADC_ResetCalibration)
    ADC_SoftwareStartConvCmd                 0x0800067b   Thumb Code    22  stm32f10x_adc.o(i.ADC_SoftwareStartConvCmd)
    ADC_StartCalibration                     0x08000691   Thumb Code    10  stm32f10x_adc.o(i.ADC_StartCalibration)
    DMA1_Channel1_Event                      0x0800069b   Thumb Code     2  dma_stm32f10x.o(i.DMA1_Channel1_Event)
    DMA1_Channel1_IRQHandler                 0x0800069d   Thumb Code    22  dma_stm32f10x.o(i.DMA1_Channel1_IRQHandler)
    DMA1_Channel2_Event                      0x080006b9   Thumb Code     2  dma_stm32f10x.o(i.DMA1_Channel2_Event)
    DMA1_Channel2_IRQHandler                 0x080006bd   Thumb Code    24  dma_stm32f10x.o(i.DMA1_Channel2_IRQHandler)
    DMA1_Channel3_Event                      0x080006d9   Thumb Code     2  dma_stm32f10x.o(i.DMA1_Channel3_Event)
    DMA1_Channel3_IRQHandler                 0x080006dd   Thumb Code    24  dma_stm32f10x.o(i.DMA1_Channel3_IRQHandler)
    DMA1_Channel4_Event                      0x080006f9   Thumb Code     2  dma_stm32f10x.o(i.DMA1_Channel4_Event)
    DMA1_Channel4_IRQHandler                 0x080006fd   Thumb Code    24  dma_stm32f10x.o(i.DMA1_Channel4_IRQHandler)
    DMA1_Channel5_Event                      0x08000719   Thumb Code     2  dma_stm32f10x.o(i.DMA1_Channel5_Event)
    DMA1_Channel5_IRQHandler                 0x0800071d   Thumb Code    24  dma_stm32f10x.o(i.DMA1_Channel5_IRQHandler)
    DMA1_Channel6_Event                      0x08000739   Thumb Code     2  dma_stm32f10x.o(i.DMA1_Channel6_Event)
    DMA1_Channel6_IRQHandler                 0x0800073d   Thumb Code    24  dma_stm32f10x.o(i.DMA1_Channel6_IRQHandler)
    DMA1_Channel7_Event                      0x08000759   Thumb Code     2  dma_stm32f10x.o(i.DMA1_Channel7_Event)
    DMA1_Channel7_IRQHandler                 0x0800075d   Thumb Code    24  dma_stm32f10x.o(i.DMA1_Channel7_IRQHandler)
    DMA2_Channel1_Event                      0x08000779   Thumb Code    14  spi_stm32f10x.o(i.DMA2_Channel1_Event)
    DMA2_Channel1_IRQHandler                 0x0800078d   Thumb Code    24  dma_stm32f10x.o(i.DMA2_Channel1_IRQHandler)
    DMA2_Channel2_Event                      0x080007a9   Thumb Code    14  spi_stm32f10x.o(i.DMA2_Channel2_Event)
    DMA2_Channel2_IRQHandler                 0x080007bd   Thumb Code    26  dma_stm32f10x.o(i.DMA2_Channel2_IRQHandler)
    DMA2_Channel3_Event                      0x080007dd   Thumb Code     2  dma_stm32f10x.o(i.DMA2_Channel3_Event)
    DMA2_Channel3_IRQHandler                 0x080007e1   Thumb Code    26  dma_stm32f10x.o(i.DMA2_Channel3_IRQHandler)
    DMA2_Channel5_Event                      0x08000801   Thumb Code     2  dma_stm32f10x.o(i.DMA2_Channel5_Event)
    DMA2_Channel5_IRQHandler                 0x08000805   Thumb Code    26  dma_stm32f10x.o(i.DMA2_Channel5_IRQHandler)
    DMA_ChannelInitialize                    0x08000825   Thumb Code   444  dma_stm32f10x.o(i.DMA_ChannelInitialize)
    DMA_ChannelUninitialize                  0x080009f5   Thumb Code   314  dma_stm32f10x.o(i.DMA_ChannelUninitialize)
    EXTI15_10_IRQHandler                     0x08000b45   Thumb Code    18  environment.o(i.EXTI15_10_IRQHandler)
    EXTI9_5_IRQHandler                       0x08000b5d   Thumb Code    16  environment.o(i.EXTI9_5_IRQHandler)
    EXTI_ClearITPendingBit                   0x08000b71   Thumb Code     6  stm32f10x_exti.o(i.EXTI_ClearITPendingBit)
    EXTI_Config                              0x08000b7d   Thumb Code   184  config.o(i.EXTI_Config)
    EXTI_Init                                0x08000c49   Thumb Code   142  stm32f10x_exti.o(i.EXTI_Init)
    GLCD_ClearScreen                         0x08000cdd   Thumb Code    54  glcd_mcbstm32c.o(i.GLCD_ClearScreen)
    GLCD_DrawBargraph                        0x08000d19   Thumb Code   102  glcd_mcbstm32c.o(i.GLCD_DrawBargraph)
    GLCD_DrawBitmap                          0x08000d89   Thumb Code    84  glcd_mcbstm32c.o(i.GLCD_DrawBitmap)
    GLCD_DrawChar                            0x08000ddd   Thumb Code   194  glcd_mcbstm32c.o(i.GLCD_DrawChar)
    GLCD_DrawString                          0x08000ead   Thumb Code    38  glcd_mcbstm32c.o(i.GLCD_DrawString)
    GLCD_DrawVLine                           0x08000ed9   Thumb Code    56  glcd_mcbstm32c.o(i.GLCD_DrawVLine)
    GLCD_Initialize                          0x08000f15   Thumb Code  1546  glcd_mcbstm32c.o(i.GLCD_Initialize)
    GLCD_SetBackgroundColor                  0x08001525   Thumb Code    10  glcd_mcbstm32c.o(i.GLCD_SetBackgroundColor)
    GLCD_SetFont                             0x08001535   Thumb Code    10  glcd_mcbstm32c.o(i.GLCD_SetFont)
    GLCD_SetForegroundColor                  0x08001545   Thumb Code    10  glcd_mcbstm32c.o(i.GLCD_SetForegroundColor)
    GPIO_AFConfigure                         0x08001601   Thumb Code   146  gpio_stm32f10x.o(i.GPIO_AFConfigure)
    GPIO_EXTILineConfig                      0x0800169d   Thumb Code    60  stm32f10x_gpio.o(i.GPIO_EXTILineConfig)
    GPIO_GetPortClockState                   0x080016dd   Thumb Code   118  gpio_stm32f10x.o(i.GPIO_GetPortClockState)
    GPIO_Init                                0x08001775   Thumb Code   278  stm32f10x_gpio.o(i.GPIO_Init)
    GPIO_PinConfigure                        0x0800188b   Thumb Code   120  gpio_stm32f10x.o(i.GPIO_PinConfigure)
    GPIO_PortClock                           0x08001905   Thumb Code   284  gpio_stm32f10x.o(i.GPIO_PortClock)
    NVIC_Init                                0x08001a41   Thumb Code   100  misc.o(i.NVIC_Init)
    RCC_ADCCLKConfig                         0x08001ab1   Thumb Code    18  stm32f10x_rcc.o(i.RCC_ADCCLKConfig)
    RCC_APB1PeriphClockCmd                   0x08001ac9   Thumb Code    26  stm32f10x_rcc.o(i.RCC_APB1PeriphClockCmd)
    RCC_APB2PeriphClockCmd                   0x08001ae9   Thumb Code    26  stm32f10x_rcc.o(i.RCC_APB2PeriphClockCmd)
    RCC_PCLK1Config                          0x08001b09   Thumb Code    18  stm32f10x_rcc.o(i.RCC_PCLK1Config)
    SPI3_IRQHandler                          0x08001b59   Thumb Code    10  spi_stm32f10x.o(i.SPI3_IRQHandler)
    SPI_IRQHandler                           0x0800209b   Thumb Code   520  spi_stm32f10x.o(i.SPI_IRQHandler)
    SPI_RX_DMA_Complete                      0x08002581   Thumb Code    68  spi_stm32f10x.o(i.SPI_RX_DMA_Complete)
    SPI_TX_DMA_Complete                      0x08002859   Thumb Code    44  spi_stm32f10x.o(i.SPI_TX_DMA_Complete)
    SysTick_Handler                          0x08002b39   Thumb Code    12  config.o(i.SysTick_Handler)
    SysTick_Init                             0x08002b49   Thumb Code    74  config.o(i.SysTick_Init)
    SystemCoreClockUpdate                    0x08002ba1   Thumb Code   232  system_stm32f10x.o(i.SystemCoreClockUpdate)
    SystemInit                               0x08002ca1   Thumb Code    92  system_stm32f10x.o(i.SystemInit)
    TIM4_IRQHandler                          0x08002d0d   Thumb Code    56  environment.o(i.TIM4_IRQHandler)
    TIM_ClearITPendingBit                    0x08002d51   Thumb Code     6  stm32f10x_tim.o(i.TIM_ClearITPendingBit)
    TIM_Cmd                                  0x08002d57   Thumb Code    24  stm32f10x_tim.o(i.TIM_Cmd)
    TIM_GetCapture1                          0x08002d6f   Thumb Code     6  stm32f10x_tim.o(i.TIM_GetCapture1)
    TIM_GetITStatus                          0x08002d75   Thumb Code    34  stm32f10x_tim.o(i.TIM_GetITStatus)
    TIM_ITConfig                             0x08002d97   Thumb Code    18  stm32f10x_tim.o(i.TIM_ITConfig)
    TIM_OC1Init                              0x08002da9   Thumb Code   132  stm32f10x_tim.o(i.TIM_OC1Init)
    TIM_OC1PreloadConfig                     0x08002e41   Thumb Code    18  stm32f10x_tim.o(i.TIM_OC1PreloadConfig)
    TIM_SetCompare1                          0x08002e53   Thumb Code     4  stm32f10x_tim.o(i.TIM_SetCompare1)
    TIM_TimeBaseInit                         0x08002e59   Thumb Code   122  stm32f10x_tim.o(i.TIM_TimeBaseInit)
    __ARM_fpclassify                         0x08002efd   Thumb Code    40  fpclassify.o(i.__ARM_fpclassify)
    __kernel_poly                            0x08002f97   Thumb Code   170  poly.o(i.__kernel_poly)
    __mathlib_dbl_divzero                    0x08003041   Thumb Code    12  dunder.o(i.__mathlib_dbl_divzero)
    __mathlib_dbl_infnan2                    0x08003051   Thumb Code     4  dunder.o(i.__mathlib_dbl_infnan2)
    __mathlib_dbl_invalid                    0x08003055   Thumb Code    12  dunder.o(i.__mathlib_dbl_invalid)
    __mathlib_dbl_overflow                   0x08003061   Thumb Code    14  dunder.o(i.__mathlib_dbl_overflow)
    __mathlib_dbl_underflow                  0x08003071   Thumb Code    10  dunder.o(i.__mathlib_dbl_underflow)
    calcDist                                 0x08003081   Thumb Code    92  space.o(i.calcDist)
    checkColision                            0x080030dd   Thumb Code   342  environment.o(i.checkColision)
    configADC                                0x08003255   Thumb Code   148  config.o(i.configADC)
    createBullet                             0x080032f5   Thumb Code    70  environment.o(i.createBullet)
    drawBullet                               0x0800337d   Thumb Code    26  space.o(i.drawBullet)
    drawEnemy                                0x0800339d   Thumb Code    26  space.o(i.drawEnemy)
    drawPlayer                               0x080033bd   Thumb Code    26  space.o(i.drawPlayer)
    environment                              0x080033dd   Thumb Code   852  environment.o(i.environment)
    findScore                                0x080037dd   Thumb Code    56  environment.o(i.findScore)
    main                                     0x08003825   Thumb Code    86  main.o(i.main)
    moveAllEnemies                           0x08003889   Thumb Code   172  environment.o(i.moveAllEnemies)
    moveBullet                               0x08003951   Thumb Code     8  space.o(i.moveBullet)
    moveEnemyX                               0x08003959   Thumb Code    30  space.o(i.moveEnemyX)
    moveEnemyY                               0x08003977   Thumb Code     8  space.o(i.moveEnemyY)
    movePlayer                               0x0800397f   Thumb Code    30  space.o(i.movePlayer)
    pow                                      0x0800399d   Thumb Code  2512  pow.o(i.pow)
    printHighScores                          0x08004375   Thumb Code   438  environment.o(i.printHighScores)
    printStatusMenu                          0x0800455d   Thumb Code   134  environment.o(i.printStatusMenu)
    removeBullet                             0x08004761   Thumb Code    80  environment.o(i.removeBullet)
    removeEnemy                              0x080047bd   Thumb Code    80  environment.o(i.removeEnemy)
    restartSpace                             0x08004819   Thumb Code   216  environment.o(i.restartSpace)
    setBullet                                0x0800492d   Thumb Code    10  space.o(i.setBullet)
    setEnemy                                 0x08004937   Thumb Code    10  space.o(i.setEnemy)
    setPlayer                                0x08004941   Thumb Code    10  space.o(i.setPlayer)
    setPos                                   0x0800494b   Thumb Code     6  space.o(i.setPos)
    sqrt                                     0x08004a49   Thumb Code    76  sqrt.o(i.sqrt)
    startSpace                               0x08004a95   Thumb Code   256  environment.o(i.startSpace)
    startTIM                                 0x08004bf1   Thumb Code   116  config.o(i.startTIM)
    updateScreen                             0x08004c75   Thumb Code   148  environment.o(i.updateScreen)
    __aeabi_dadd                             0x08004e5d   Thumb Code     0  daddsub_clz.o(x$fpl$dadd)
    _dadd                                    0x08004e5d   Thumb Code   332  daddsub_clz.o(x$fpl$dadd)
    __fpl_dcheck_NaN1                        0x08004fad   Thumb Code    10  dcheck1.o(x$fpl$dcheck1)
    __fpl_dcmp_Inf                           0x08004fbd   Thumb Code    24  dcmpi.o(x$fpl$dcmpinf)
    __aeabi_ddiv                             0x08004fd5   Thumb Code     0  ddiv.o(x$fpl$ddiv)
    _ddiv                                    0x08004fd5   Thumb Code   552  ddiv.o(x$fpl$ddiv)
    __aeabi_i2d                              0x08005285   Thumb Code     0  dflt_clz.o(x$fpl$dflt)
    _dflt                                    0x08005285   Thumb Code    46  dflt_clz.o(x$fpl$dflt)
    __aeabi_cdcmple                          0x080052b5   Thumb Code     0  dleqf.o(x$fpl$dleqf)
    _dcmple                                  0x080052b5   Thumb Code   120  dleqf.o(x$fpl$dleqf)
    __fpl_dcmple_InfNaN                      0x08005317   Thumb Code     0  dleqf.o(x$fpl$dleqf)
    __aeabi_dmul                             0x0800532d   Thumb Code     0  dmul.o(x$fpl$dmul)
    _dmul                                    0x0800532d   Thumb Code   332  dmul.o(x$fpl$dmul)
    __fpl_dnaninf                            0x08005481   Thumb Code   156  dnaninf.o(x$fpl$dnaninf)
    __fpl_dretinf                            0x0800551d   Thumb Code    12  dretinf.o(x$fpl$dretinf)
    __aeabi_cdrcmple                         0x08005529   Thumb Code     0  drleqf.o(x$fpl$drleqf)
    _drcmple                                 0x08005529   Thumb Code   108  drleqf.o(x$fpl$drleqf)
    __aeabi_drsub                            0x08005595   Thumb Code     0  daddsub_clz.o(x$fpl$drsb)
    _drsb                                    0x08005595   Thumb Code    22  daddsub_clz.o(x$fpl$drsb)
    _dsqrt                                   0x080055ad   Thumb Code   456  dsqrt_noumaal.o(x$fpl$dsqrt)
    __aeabi_dsub                             0x08005779   Thumb Code     0  daddsub_clz.o(x$fpl$dsub)
    _dsub                                    0x08005779   Thumb Code   464  daddsub_clz.o(x$fpl$dsub)
    __fpl_return_NaN                         0x0800594d   Thumb Code   100  retnan.o(x$fpl$retnan)
    __ARM_scalbn                             0x080059b1   Thumb Code    92  scalbn.o(x$fpl$scalbn)
    __fpl_cmpreturn                          0x08005a0d   Thumb Code    48  trapv.o(x$fpl$trapveneer)
    __I$use$fp                               0x08005a3c   Number         0  usenofp.o(x$fpl$usenofp)
    _acnave                                  0x08005a3c   Data        1200  sprites.o(.constdata)
    _alien                                   0x08005eec   Data        2048  sprites.o(.constdata)
    _shot                                    0x080066ec   Data         200  sprites.o(.constdata)
    _acmenuPointer                           0x080067b4   Data         560  sprites.o(.constdata)
    _logo                                    0x080069e4   Data       48000  sprites.o(.constdata)
    GLCD_Font_6x8                            0x08013de4   Data          16  glcd_fonts.o(.constdata)
    GLCD_Font_16x24                          0x08013df4   Data          16  glcd_fonts.o(.constdata)
    Driver_SPI3                              0x08013e5c   Data          44  spi_stm32f10x.o(.constdata)
    __mathlib_zero                           0x08013f10   Data           8  qnan.o(.constdata)
    Region$$Table$$Base                      0x08013f18   Number         0  anon$$obj.o(Region$$Table)
    Region$$Table$$Limit                     0x08013f38   Number         0  anon$$obj.o(Region$$Table)
    gpioInit                                 0x20000000   Data           4  config.o(.data)
    nvicInit                                 0x20000004   Data           4  config.o(.data)
    EXTI_InitStructure                       0x20000008   Data           8  config.o(.data)
    msTicks                                  0x20000010   Data           4  config.o(.data)
    n_enemies                                0x20000014   Data           2  environment.o(.data)
    i                                        0x20000016   Data           2  environment.o(.data)
    j                                        0x20000018   Data           2  environment.o(.data)
    k                                        0x2000001a   Data           2  environment.o(.data)
    valueConv                                0x2000001c   Data           4  environment.o(.data)
    memConv                                  0x20000020   Data           4  environment.o(.data)
    nBullets                                 0x20000024   Data           2  environment.o(.data)
    nEnemies                                 0x20000026   Data           2  environment.o(.data)
    nExplosions                              0x20000028   Data           2  environment.o(.data)
    controlMov                               0x2000002a   Data           1  environment.o(.data)
    directionMov                             0x2000002b   Data           1  environment.o(.data)
    gameState                                0x2000002c   Data           1  environment.o(.data)
    flagMovEnemies                           0x2000002d   Data           1  environment.o(.data)
    flagShot                                 0x2000002e   Data           1  environment.o(.data)
    flagMenu                                 0x2000002f   Data           1  environment.o(.data)
    score                                    0x20000030   Data           4  environment.o(.data)
    nPlays                                   0x20000034   Data           2  environment.o(.data)
    stage                                    0x20000036   Data           2  environment.o(.data)
    limEnemies                               0x20000038   Data           2  environment.o(.data)
    dificult                                 0x2000003a   Data           2  environment.o(.data)
    valueTIM                                 0x2000003c   Data           2  environment.o(.data)
    contTIM                                  0x2000003e   Data           2  environment.o(.data)
    auxE                                     0x20000040   Data           6  environment.o(.data)
    auxP                                     0x20000046   Data           4  environment.o(.data)
    player                                   0x2000004a   Data           6  environment.o(.data)
    bullet                                   0x20000050   Data           6  environment.o(.data)
    menuPointer                              0x20000056   Data           4  environment.o(.data)
    SystemCoreClock                          0x2000007c   Data           4  system_stm32f10x.o(.data)
    AHBPrescTable                            0x20000080   Data          16  system_stm32f10x.o(.data)
    timTBInit                                0x20000090   Data          10  config.o(.bss)
    timOCInit                                0x2000009a   Data          16  config.o(.bss)
    highScores                               0x200000ac   Data         128  environment.o(.bss)
    textAux                                  0x2000012c   Data          64  environment.o(.bss)
    enemies                                  0x2000016c   Data          54  environment.o(.bss)
    bullets                                  0x200001a2   Data          12  environment.o(.bss)
    explosions                               0x200001ae   Data         256  environment.o(.bss)
    string                                   0x200002ae   Data          12  environment.o(.bss)
    __libspace_start                         0x200002e4   Data          96  libspace.o(.bss)
    __temporary_stack_top$libspace           0x20000344   Data           0  libspace.o(.bss)



==============================================================================

Memory Map of the image

  Image Entry point : 0x080001f5

  Load Region LR_1 (Base: 0x08000000, Size: 0x00013fc8, Max: 0xffffffff, ABSOLUTE)

    Execution Region ER_RO (Base: 0x08000000, Size: 0x00013f38, Max: 0xffffffff, ABSOLUTE)

    Base Addr    Size         Type   Attr      Idx    E Section Name        Object

    0x08000000   0x00000150   Data   RO         2673    RESET               startup_stm32f10x_cl.o
    0x08000150   0x00000008   Code   RO         2760  * !!!main             c_w.l(__main.o)
    0x08000158   0x00000034   Code   RO         3009    !!!scatter          c_w.l(__scatter.o)
    0x0800018c   0x0000001a   Code   RO         3011    !!handler_copy      c_w.l(__scatter_copy.o)
    0x080001a6   0x00000002   PAD
    0x080001a8   0x0000001c   Code   RO         3013    !!handler_zi        c_w.l(__scatter_zi.o)
    0x080001c4   0x00000000   Code   RO         2755    .ARM.Collect$$_printf_percent$$00000000  c_w.l(_printf_percent.o)
    0x080001c4   0x00000006   Code   RO         2754    .ARM.Collect$$_printf_percent$$00000009  c_w.l(_printf_d.o)
    0x080001ca   0x00000004   Code   RO         2803    .ARM.Collect$$_printf_percent$$00000017  c_w.l(_printf_percent_end.o)
    0x080001ce   0x00000002   Code   RO         2878    .ARM.Collect$$libinit$$00000000  c_w.l(libinit.o)
    0x080001d0   0x00000000   Code   RO         2884    .ARM.Collect$$libinit$$00000002  c_w.l(libinit2.o)
    0x080001d0   0x00000000   Code   RO         2886    .ARM.Collect$$libinit$$00000004  c_w.l(libinit2.o)
    0x080001d0   0x00000000   Code   RO         2889    .ARM.Collect$$libinit$$0000000A  c_w.l(libinit2.o)
    0x080001d0   0x00000000   Code   RO         2891    .ARM.Collect$$libinit$$0000000C  c_w.l(libinit2.o)
    0x080001d0   0x00000000   Code   RO         2893    .ARM.Collect$$libinit$$0000000E  c_w.l(libinit2.o)
    0x080001d0   0x00000000   Code   RO         2896    .ARM.Collect$$libinit$$00000011  c_w.l(libinit2.o)
    0x080001d0   0x00000000   Code   RO         2898    .ARM.Collect$$libinit$$00000013  c_w.l(libinit2.o)
    0x080001d0   0x00000000   Code   RO         2900    .ARM.Collect$$libinit$$00000015  c_w.l(libinit2.o)
    0x080001d0   0x00000000   Code   RO         2902    .ARM.Collect$$libinit$$00000017  c_w.l(libinit2.o)
    0x080001d0   0x00000000   Code   RO         2904    .ARM.Collect$$libinit$$00000019  c_w.l(libinit2.o)
    0x080001d0   0x00000000   Code   RO         2906    .ARM.Collect$$libinit$$0000001B  c_w.l(libinit2.o)
    0x080001d0   0x00000000   Code   RO         2908    .ARM.Collect$$libinit$$0000001D  c_w.l(libinit2.o)
    0x080001d0   0x00000000   Code   RO         2910    .ARM.Collect$$libinit$$0000001F  c_w.l(libinit2.o)
    0x080001d0   0x00000000   Code   RO         2912    .ARM.Collect$$libinit$$00000021  c_w.l(libinit2.o)
    0x080001d0   0x00000000   Code   RO         2914    .ARM.Collect$$libinit$$00000023  c_w.l(libinit2.o)
    0x080001d0   0x00000000   Code   RO         2916    .ARM.Collect$$libinit$$00000025  c_w.l(libinit2.o)
    0x080001d0   0x00000000   Code   RO         2920    .ARM.Collect$$libinit$$0000002C  c_w.l(libinit2.o)
    0x080001d0   0x00000000   Code   RO         2922    .ARM.Collect$$libinit$$0000002E  c_w.l(libinit2.o)
    0x080001d0   0x00000000   Code   RO         2924    .ARM.Collect$$libinit$$00000030  c_w.l(libinit2.o)
    0x080001d0   0x00000000   Code   RO         2926    .ARM.Collect$$libinit$$00000032  c_w.l(libinit2.o)
    0x080001d0   0x00000002   Code   RO         2927    .ARM.Collect$$libinit$$00000033  c_w.l(libinit2.o)
    0x080001d2   0x00000002   Code   RO         2949    .ARM.Collect$$libshutdown$$00000000  c_w.l(libshutdown.o)
    0x080001d4   0x00000000   Code   RO         2962    .ARM.Collect$$libshutdown$$00000002  c_w.l(libshutdown2.o)
    0x080001d4   0x00000000   Code   RO         2964    .ARM.Collect$$libshutdown$$00000004  c_w.l(libshutdown2.o)
    0x080001d4   0x00000000   Code   RO         2967    .ARM.Collect$$libshutdown$$00000007  c_w.l(libshutdown2.o)
    0x080001d4   0x00000000   Code   RO         2970    .ARM.Collect$$libshutdown$$0000000A  c_w.l(libshutdown2.o)
    0x080001d4   0x00000000   Code   RO         2972    .ARM.Collect$$libshutdown$$0000000C  c_w.l(libshutdown2.o)
    0x080001d4   0x00000000   Code   RO         2975    .ARM.Collect$$libshutdown$$0000000F  c_w.l(libshutdown2.o)
    0x080001d4   0x00000002   Code   RO         2976    .ARM.Collect$$libshutdown$$00000010  c_w.l(libshutdown2.o)
    0x080001d6   0x00000000   Code   RO         2794    .ARM.Collect$$rtentry$$00000000  c_w.l(__rtentry.o)
    0x080001d6   0x00000000   Code   RO         2843    .ARM.Collect$$rtentry$$00000002  c_w.l(__rtentry2.o)
    0x080001d6   0x00000006   Code   RO         2855    .ARM.Collect$$rtentry$$00000004  c_w.l(__rtentry4.o)
    0x080001dc   0x00000000   Code   RO         2845    .ARM.Collect$$rtentry$$00000009  c_w.l(__rtentry2.o)
    0x080001dc   0x00000004   Code   RO         2846    .ARM.Collect$$rtentry$$0000000A  c_w.l(__rtentry2.o)
    0x080001e0   0x00000000   Code   RO         2848    .ARM.Collect$$rtentry$$0000000C  c_w.l(__rtentry2.o)
    0x080001e0   0x00000008   Code   RO         2849    .ARM.Collect$$rtentry$$0000000D  c_w.l(__rtentry2.o)
    0x080001e8   0x00000002   Code   RO         2881    .ARM.Collect$$rtexit$$00000000  c_w.l(rtexit.o)
    0x080001ea   0x00000000   Code   RO         2931    .ARM.Collect$$rtexit$$00000002  c_w.l(rtexit2.o)
    0x080001ea   0x00000004   Code   RO         2932    .ARM.Collect$$rtexit$$00000003  c_w.l(rtexit2.o)
    0x080001ee   0x00000006   Code   RO         2933    .ARM.Collect$$rtexit$$00000004  c_w.l(rtexit2.o)
    0x080001f4   0x00000040   Code   RO         2674  * .text               startup_stm32f10x_cl.o
    0x08000234   0x00000028   Code   RO         2728    .text               c_w.l(noretval__2sprintf.o)
    0x0800025c   0x00000068   Code   RO         2730    .text               c_w.l(__printf.o)
    0x080002c4   0x00000078   Code   RO         2732    .text               c_w.l(_printf_dec.o)
    0x0800033c   0x0000004e   Code   RO         2756    .text               c_w.l(rt_memclr_w.o)
    0x0800038a   0x00000006   Code   RO         2758    .text               c_w.l(heapauxi.o)
    0x08000390   0x00000016   Code   RO         2795    .text               c_w.l(_rserrno.o)
    0x080003a6   0x000000b2   Code   RO         2797    .text               c_w.l(_printf_intcommon.o)
    0x08000458   0x00000030   Code   RO         2799    .text               c_w.l(_printf_char_common.o)
    0x08000488   0x0000000a   Code   RO         2801    .text               c_w.l(_sputc.o)
    0x08000492   0x00000002   PAD
    0x08000494   0x00000008   Code   RO         2860    .text               c_w.l(rt_errno_addr_intlibspace.o)
    0x0800049c   0x00000008   Code   RO         2866    .text               c_w.l(libspace.o)
    0x080004a4   0x0000004a   Code   RO         2869    .text               c_w.l(sys_stackheap_outer.o)
    0x080004ee   0x00000012   Code   RO         2871    .text               c_w.l(exit.o)
    0x08000500   0x0000000c   Code   RO         2941    .text               c_w.l(sys_exit.o)
    0x0800050c   0x00000002   Code   RO         2952    .text               c_w.l(use_no_semi.o)
    0x0800050e   0x00000000   Code   RO         2954    .text               c_w.l(indicate_semi.o)
    0x0800050e   0x00000016   Code   RO          915    i.ADC_Cmd           stm32f10x_adc.o
    0x08000524   0x00000016   Code   RO          920    i.ADC_ExternalTrigConvCmd  stm32f10x_adc.o
    0x0800053a   0x00000014   Code   RO          923    i.ADC_GetCalibrationStatus  stm32f10x_adc.o
    0x0800054e   0x00000008   Code   RO          924    i.ADC_GetConversionValue  stm32f10x_adc.o
    0x08000556   0x00000012   Code   RO          926    i.ADC_GetFlagStatus  stm32f10x_adc.o
    0x08000568   0x00000050   Code   RO          933    i.ADC_Init          stm32f10x_adc.o
    0x080005b8   0x000000b8   Code   RO          937    i.ADC_RegularChannelConfig  stm32f10x_adc.o
    0x08000670   0x0000000a   Code   RO          938    i.ADC_ResetCalibration  stm32f10x_adc.o
    0x0800067a   0x00000016   Code   RO          940    i.ADC_SoftwareStartConvCmd  stm32f10x_adc.o
    0x08000690   0x0000000a   Code   RO          942    i.ADC_StartCalibration  stm32f10x_adc.o
    0x0800069a   0x00000002   Code   RO         2419    i.DMA1_Channel1_Event  dma_stm32f10x.o
    0x0800069c   0x0000001c   Code   RO         2420    i.DMA1_Channel1_IRQHandler  dma_stm32f10x.o
    0x080006b8   0x00000002   Code   RO         2421    i.DMA1_Channel2_Event  dma_stm32f10x.o
    0x080006ba   0x00000002   PAD
    0x080006bc   0x0000001c   Code   RO         2422    i.DMA1_Channel2_IRQHandler  dma_stm32f10x.o
    0x080006d8   0x00000002   Code   RO         2423    i.DMA1_Channel3_Event  dma_stm32f10x.o
    0x080006da   0x00000002   PAD
    0x080006dc   0x0000001c   Code   RO         2424    i.DMA1_Channel3_IRQHandler  dma_stm32f10x.o
    0x080006f8   0x00000002   Code   RO         2425    i.DMA1_Channel4_Event  dma_stm32f10x.o
    0x080006fa   0x00000002   PAD
    0x080006fc   0x0000001c   Code   RO         2426    i.DMA1_Channel4_IRQHandler  dma_stm32f10x.o
    0x08000718   0x00000002   Code   RO         2427    i.DMA1_Channel5_Event  dma_stm32f10x.o
    0x0800071a   0x00000002   PAD
    0x0800071c   0x0000001c   Code   RO         2428    i.DMA1_Channel5_IRQHandler  dma_stm32f10x.o
    0x08000738   0x00000002   Code   RO         2429    i.DMA1_Channel6_Event  dma_stm32f10x.o
    0x0800073a   0x00000002   PAD
    0x0800073c   0x0000001c   Code   RO         2430    i.DMA1_Channel6_IRQHandler  dma_stm32f10x.o
    0x08000758   0x00000002   Code   RO         2431    i.DMA1_Channel7_Event  dma_stm32f10x.o
    0x0800075a   0x00000002   PAD
    0x0800075c   0x0000001c   Code   RO         2432    i.DMA1_Channel7_IRQHandler  dma_stm32f10x.o
    0x08000778   0x00000014   Code   RO          678    i.DMA2_Channel1_Event  spi_stm32f10x.o
    0x0800078c   0x0000001c   Code   RO         2434    i.DMA2_Channel1_IRQHandler  dma_stm32f10x.o
    0x080007a8   0x00000014   Code   RO          679    i.DMA2_Channel2_Event  spi_stm32f10x.o
    0x080007bc   0x00000020   Code   RO         2436    i.DMA2_Channel2_IRQHandler  dma_stm32f10x.o
    0x080007dc   0x00000002   Code   RO         2437    i.DMA2_Channel3_Event  dma_stm32f10x.o
    0x080007de   0x00000002   PAD
    0x080007e0   0x00000020   Code   RO         2438    i.DMA2_Channel3_IRQHandler  dma_stm32f10x.o
    0x08000800   0x00000002   Code   RO         2441    i.DMA2_Channel5_Event  dma_stm32f10x.o
    0x08000802   0x00000002   PAD
    0x08000804   0x00000020   Code   RO         2442    i.DMA2_Channel5_IRQHandler  dma_stm32f10x.o
    0x08000824   0x000001d0   Code   RO         2443    i.DMA_ChannelInitialize  dma_stm32f10x.o
    0x080009f4   0x00000150   Code   RO         2444    i.DMA_ChannelUninitialize  dma_stm32f10x.o
    0x08000b44   0x00000018   Code   RO          173    i.EXTI15_10_IRQHandler  environment.o
    0x08000b5c   0x00000014   Code   RO          174    i.EXTI9_5_IRQHandler  environment.o
    0x08000b70   0x0000000c   Code   RO         1144    i.EXTI_ClearITPendingBit  stm32f10x_exti.o
    0x08000b7c   0x000000cc   Code   RO          117    i.EXTI_Config       config.o
    0x08000c48   0x00000094   Code   RO         1149    i.EXTI_Init         stm32f10x_exti.o
    0x08000cdc   0x0000003c   Code   RO          415    i.GLCD_ClearScreen  glcd_mcbstm32c.o
    0x08000d18   0x00000070   Code   RO          416    i.GLCD_DrawBargraph  glcd_mcbstm32c.o
    0x08000d88   0x00000054   Code   RO          417    i.GLCD_DrawBitmap   glcd_mcbstm32c.o
    0x08000ddc   0x000000d0   Code   RO          418    i.GLCD_DrawChar     glcd_mcbstm32c.o
    0x08000eac   0x0000002c   Code   RO          422    i.GLCD_DrawString   glcd_mcbstm32c.o
    0x08000ed8   0x0000003c   Code   RO          423    i.GLCD_DrawVLine    glcd_mcbstm32c.o
    0x08000f14   0x00000610   Code   RO          426    i.GLCD_Initialize   glcd_mcbstm32c.o
    0x08001524   0x00000010   Code   RO          427    i.GLCD_SetBackgroundColor  glcd_mcbstm32c.o
    0x08001534   0x00000010   Code   RO          428    i.GLCD_SetFont      glcd_mcbstm32c.o
    0x08001544   0x00000010   Code   RO          429    i.GLCD_SetForegroundColor  glcd_mcbstm32c.o
    0x08001554   0x000000ac   Code   RO          430    i.GLCD_SetWindow    glcd_mcbstm32c.o
    0x08001600   0x0000009c   Code   RO         2629    i.GPIO_AFConfigure  gpio_stm32f10x.o
    0x0800169c   0x00000040   Code   RO         1212    i.GPIO_EXTILineConfig  stm32f10x_gpio.o
    0x080016dc   0x00000098   Code   RO         2630    i.GPIO_GetPortClockState  gpio_stm32f10x.o
    0x08001774   0x00000116   Code   RO         1215    i.GPIO_Init         stm32f10x_gpio.o
    0x0800188a   0x00000078   Code   RO         2631    i.GPIO_PinConfigure  gpio_stm32f10x.o
    0x08001902   0x00000002   PAD
    0x08001904   0x0000013c   Code   RO         2632    i.GPIO_PortClock    gpio_stm32f10x.o
    0x08001a40   0x00000070   Code   RO          861    i.NVIC_Init         misc.o
    0x08001ab0   0x00000018   Code   RO         1335    i.RCC_ADCCLKConfig  stm32f10x_rcc.o
    0x08001ac8   0x00000020   Code   RO         1338    i.RCC_APB1PeriphClockCmd  stm32f10x_rcc.o
    0x08001ae8   0x00000020   Code   RO         1340    i.RCC_APB2PeriphClockCmd  stm32f10x_rcc.o
    0x08001b08   0x00000018   Code   RO         1362    i.RCC_PCLK1Config   stm32f10x_rcc.o
    0x08001b20   0x00000018   Code   RO          680    i.SPI3_Control      spi_stm32f10x.o
    0x08001b38   0x00000010   Code   RO          681    i.SPI3_GetDataCount  spi_stm32f10x.o
    0x08001b48   0x00000010   Code   RO          682    i.SPI3_GetStatus    spi_stm32f10x.o
    0x08001b58   0x00000010   Code   RO          683    i.SPI3_IRQHandler   spi_stm32f10x.o
    0x08001b68   0x00000014   Code   RO          684    i.SPI3_Initialize   spi_stm32f10x.o
    0x08001b7c   0x00000014   Code   RO          685    i.SPI3_PowerControl  spi_stm32f10x.o
    0x08001b90   0x00000018   Code   RO          686    i.SPI3_Receive      spi_stm32f10x.o
    0x08001ba8   0x00000018   Code   RO          687    i.SPI3_Send         spi_stm32f10x.o
    0x08001bc0   0x0000001c   Code   RO          688    i.SPI3_Transfer     spi_stm32f10x.o
    0x08001bdc   0x00000010   Code   RO          689    i.SPI3_Uninitialize  spi_stm32f10x.o
    0x08001bec   0x0000000c   Code   RO          690    i.SPIX_GetCapabilities  spi_stm32f10x.o
    0x08001bf8   0x00000010   Code   RO          691    i.SPIX_GetVersion   spi_stm32f10x.o
    0x08001c08   0x00000430   Code   RO          692    i.SPI_Control       spi_stm32f10x.o
    0x08002038   0x00000008   Code   RO          693    i.SPI_GetDataCount  spi_stm32f10x.o
    0x08002040   0x0000005a   Code   RO          694    i.SPI_GetStatus     spi_stm32f10x.o
    0x0800209a   0x00000208   Code   RO          695    i.SPI_IRQHandler    spi_stm32f10x.o
    0x080022a2   0x000000c2   Code   RO          696    i.SPI_Initialize    spi_stm32f10x.o
    0x08002364   0x00000088   Code   RO          697    i.SPI_PeripheralReset  spi_stm32f10x.o
    0x080023ec   0x00000194   Code   RO          698    i.SPI_PowerControl  spi_stm32f10x.o
    0x08002580   0x00000044   Code   RO          699    i.SPI_RX_DMA_Complete  spi_stm32f10x.o
    0x080025c4   0x0000014c   Code   RO          700    i.SPI_Receive       spi_stm32f10x.o
    0x08002710   0x00000148   Code   RO          701    i.SPI_Send          spi_stm32f10x.o
    0x08002858   0x0000002c   Code   RO          702    i.SPI_TX_DMA_Complete  spi_stm32f10x.o
    0x08002884   0x00000120   Code   RO          703    i.SPI_Transfer      spi_stm32f10x.o
    0x080029a4   0x00000072   Code   RO          704    i.SPI_Uninitialize  spi_stm32f10x.o
    0x08002a16   0x00000008   Code   RO         2681    i.SetSysClock       system_stm32f10x.o
    0x08002a1e   0x00000002   PAD
    0x08002a20   0x00000118   Code   RO         2682    i.SetSysClockTo72   system_stm32f10x.o
    0x08002b38   0x00000010   Code   RO          118    i.SysTick_Handler   config.o
    0x08002b48   0x00000058   Code   RO          119    i.SysTick_Init      config.o
    0x08002ba0   0x00000100   Code   RO         2683    i.SystemCoreClockUpdate  system_stm32f10x.o
    0x08002ca0   0x0000006c   Code   RO         2684    i.SystemInit        system_stm32f10x.o
    0x08002d0c   0x00000044   Code   RO          175    i.TIM4_IRQHandler   environment.o
    0x08002d50   0x00000006   Code   RO         1870    i.TIM_ClearITPendingBit  stm32f10x_tim.o
    0x08002d56   0x00000018   Code   RO         1875    i.TIM_Cmd           stm32f10x_tim.o
    0x08002d6e   0x00000006   Code   RO         1890    i.TIM_GetCapture1   stm32f10x_tim.o
    0x08002d74   0x00000022   Code   RO         1896    i.TIM_GetITStatus   stm32f10x_tim.o
    0x08002d96   0x00000012   Code   RO         1900    i.TIM_ITConfig      stm32f10x_tim.o
    0x08002da8   0x00000098   Code   RO         1904    i.TIM_OC1Init       stm32f10x_tim.o
    0x08002e40   0x00000012   Code   RO         1907    i.TIM_OC1PreloadConfig  stm32f10x_tim.o
    0x08002e52   0x00000004   Code   RO         1936    i.TIM_SetCompare1   stm32f10x_tim.o
    0x08002e56   0x00000002   PAD
    0x08002e58   0x000000a4   Code   RO         1946    i.TIM_TimeBaseInit  stm32f10x_tim.o
    0x08002efc   0x00000028   Code   RO         2837    i.__ARM_fpclassify  m_ws.l(fpclassify.o)
    0x08002f24   0x0000001c   Code   RO         2445    i.__NVIC_ClearPendingIRQ  dma_stm32f10x.o
    0x08002f40   0x0000003c   Code   RO         2446    i.__NVIC_DisableIRQ  dma_stm32f10x.o
    0x08002f7c   0x0000001a   Code   RO         2447    i.__NVIC_EnableIRQ  dma_stm32f10x.o
    0x08002f96   0x000000aa   Code   RO         2839    i.__kernel_poly     m_ws.l(poly.o)
    0x08003040   0x00000010   Code   RO         2823    i.__mathlib_dbl_divzero  m_ws.l(dunder.o)
    0x08003050   0x00000004   Code   RO         2825    i.__mathlib_dbl_infnan2  m_ws.l(dunder.o)
    0x08003054   0x0000000c   Code   RO         2826    i.__mathlib_dbl_invalid  m_ws.l(dunder.o)
    0x08003060   0x0000000e   Code   RO         2827    i.__mathlib_dbl_overflow  m_ws.l(dunder.o)
    0x0800306e   0x00000002   PAD
    0x08003070   0x00000010   Code   RO         2829    i.__mathlib_dbl_underflow  m_ws.l(dunder.o)
    0x08003080   0x0000005c   Code   RO          290    i.calcDist          space.o
    0x080030dc   0x00000178   Code   RO          176    i.checkColision     environment.o
    0x08003254   0x000000a0   Code   RO          120    i.configADC         config.o
    0x080032f4   0x0000005c   Code   RO          177    i.createBullet      environment.o
    0x08003350   0x0000002c   Code   RO          433    i.delay_ms          glcd_mcbstm32c.o
    0x0800337c   0x00000020   Code   RO          291    i.drawBullet        space.o
    0x0800339c   0x00000020   Code   RO          292    i.drawEnemy         space.o
    0x080033bc   0x00000020   Code   RO          293    i.drawPlayer        space.o
    0x080033dc   0x00000400   Code   RO          178    i.environment       environment.o
    0x080037dc   0x00000048   Code   RO          179    i.findScore         environment.o
    0x08003824   0x00000064   Code   RO            4    i.main              main.o
    0x08003888   0x000000c8   Code   RO          180    i.moveAllEnemies    environment.o
    0x08003950   0x00000008   Code   RO          294    i.moveBullet        space.o
    0x08003958   0x0000001e   Code   RO          295    i.moveEnemyX        space.o
    0x08003976   0x00000008   Code   RO          296    i.moveEnemyY        space.o
    0x0800397e   0x0000001e   Code   RO          298    i.movePlayer        space.o
    0x0800399c   0x000009d8   Code   RO         2777    i.pow               m_ws.l(pow.o)
    0x08004374   0x000001e8   Code   RO          181    i.printHighScores   environment.o
    0x0800455c   0x000000a8   Code   RO          182    i.printStatusMenu   environment.o
    0x08004604   0x00000044   Code   RO          434    i.rd_dat            glcd_mcbstm32c.o
    0x08004648   0x00000108   Code   RO          435    i.rd_id_man         glcd_mcbstm32c.o
    0x08004750   0x00000010   Code   RO          436    i.rd_reg            glcd_mcbstm32c.o
    0x08004760   0x0000005c   Code   RO          183    i.removeBullet      environment.o
    0x080047bc   0x0000005c   Code   RO          184    i.removeEnemy       environment.o
    0x08004818   0x00000114   Code   RO          185    i.restartSpace      environment.o
    0x0800492c   0x0000000a   Code   RO          300    i.setBullet         space.o
    0x08004936   0x0000000a   Code   RO          301    i.setEnemy          space.o
    0x08004940   0x0000000a   Code   RO          302    i.setPlayer         space.o
    0x0800494a   0x00000006   Code   RO          303    i.setPos            space.o
    0x08004950   0x0000002c   Code   RO          437    i.spi_tran          glcd_mcbstm32c.o
    0x0800497c   0x000000cc   Code   RO          438    i.spi_tran_man      glcd_mcbstm32c.o
    0x08004a48   0x0000004c   Code   RO         2787    i.sqrt              m_ws.l(sqrt.o)
    0x08004a94   0x0000015c   Code   RO          186    i.startSpace        environment.o
    0x08004bf0   0x00000084   Code   RO          121    i.startTIM          config.o
    0x08004c74   0x000000ac   Code   RO          187    i.updateScreen      environment.o
    0x08004d20   0x0000004c   Code   RO          439    i.wr_cmd            glcd_mcbstm32c.o
    0x08004d6c   0x00000034   Code   RO          441    i.wr_dat_only       glcd_mcbstm32c.o
    0x08004da0   0x00000018   Code   RO          442    i.wr_dat_start      glcd_mcbstm32c.o
    0x08004db8   0x00000014   Code   RO          443    i.wr_dat_stop       glcd_mcbstm32c.o
    0x08004dcc   0x00000090   Code   RO          444    i.wr_reg            glcd_mcbstm32c.o
    0x08004e5c   0x00000150   Code   RO         2762    x$fpl$dadd          fz_ws.l(daddsub_clz.o)
    0x08004fac   0x00000010   Code   RO         2864    x$fpl$dcheck1       fz_ws.l(dcheck1.o)
    0x08004fbc   0x00000018   Code   RO         2804    x$fpl$dcmpinf       fz_ws.l(dcmpi.o)
    0x08004fd4   0x000002b0   Code   RO         2807    x$fpl$ddiv          fz_ws.l(ddiv.o)
    0x08005284   0x0000002e   Code   RO         2769    x$fpl$dflt          fz_ws.l(dflt_clz.o)
    0x080052b2   0x00000002   PAD
    0x080052b4   0x00000078   Code   RO         2774    x$fpl$dleqf         fz_ws.l(dleqf.o)
    0x0800532c   0x00000154   Code   RO         2810    x$fpl$dmul          fz_ws.l(dmul.o)
    0x08005480   0x0000009c   Code   RO         2812    x$fpl$dnaninf       fz_ws.l(dnaninf.o)
    0x0800551c   0x0000000c   Code   RO         2814    x$fpl$dretinf       fz_ws.l(dretinf.o)
    0x08005528   0x0000006c   Code   RO         2816    x$fpl$drleqf        fz_ws.l(drleqf.o)
    0x08005594   0x00000016   Code   RO         2763    x$fpl$drsb          fz_ws.l(daddsub_clz.o)
    0x080055aa   0x00000002   PAD
    0x080055ac   0x000001cc   Code   RO         2818    x$fpl$dsqrt         fz_ws.l(dsqrt_noumaal.o)
    0x08005778   0x000001d4   Code   RO         2764    x$fpl$dsub          fz_ws.l(daddsub_clz.o)
    0x0800594c   0x00000064   Code   RO         2879    x$fpl$retnan        fz_ws.l(retnan.o)
    0x080059b0   0x0000005c   Code   RO         2820    x$fpl$scalbn        fz_ws.l(scalbn.o)
    0x08005a0c   0x00000030   Code   RO         2928    x$fpl$trapveneer    fz_ws.l(trapv.o)
    0x08005a3c   0x00000000   Code   RO         2822    x$fpl$usenofp       fz_ws.l(usenofp.o)
    0x08005a3c   0x0000cb28   Data   RO          396    .constdata          sprites.o
    0x08012564   0x000018a0   Data   RO          403    .constdata          glcd_fonts.o
    0x08013e04   0x00000084   Data   RO          706    .constdata          spi_stm32f10x.o
    0x08013e88   0x00000088   Data   RO         2778    .constdata          m_ws.l(pow.o)
    0x08013f10   0x00000008   Data   RO         2841    .constdata          m_ws.l(qnan.o)
    0x08013f18   0x00000020   Data   RO         3007    Region$$Table       anon$$obj.o


    Execution Region ER_RW (Base: 0x20000000, Size: 0x00000090, Max: 0xffffffff, ABSOLUTE)

    Base Addr    Size         Type   Attr      Idx    E Section Name        Object

    0x20000000   0x00000014   Data   RW          123    .data               config.o
    0x20000014   0x00000046   Data   RW          189    .data               environment.o
    0x2000005a   0x00000002   PAD
    0x2000005c   0x00000009   Data   RW          445    .data               glcd_mcbstm32c.o
    0x20000065   0x00000003   PAD
    0x20000068   0x00000010   Data   RW          707    .data               spi_stm32f10x.o
    0x20000078   0x00000002   Data   RW         2448    .data               dma_stm32f10x.o
    0x2000007a   0x00000002   PAD
    0x2000007c   0x00000014   Data   RW         2685    .data               system_stm32f10x.o


    Execution Region ER_ZI (Base: 0x20000090, Size: 0x000008b8, Max: 0xffffffff, ABSOLUTE)

    Base Addr    Size         Type   Attr      Idx    E Section Name        Object

    0x20000090   0x0000001a   Zero   RW          122    .bss                config.o
    0x200000aa   0x00000002   PAD
    0x200000ac   0x0000020e   Zero   RW          188    .bss                environment.o
    0x200002ba   0x00000002   PAD
    0x200002bc   0x00000028   Zero   RW          705    .bss                spi_stm32f10x.o
    0x200002e4   0x00000060   Zero   RW         2867    .bss                c_w.l(libspace.o)
    0x20000344   0x00000004   PAD
    0x20000348   0x00000200   Zero   RW         2672    HEAP                startup_stm32f10x_cl.o
    0x20000548   0x00000400   Zero   RW         2671    STACK               startup_stm32f10x_cl.o


==============================================================================

Image component sizes


      Code (inc. data)   RO Data    RW Data    ZI Data      Debug   Object Name

       600         66          0         20         26      28232   config.o
      1252        134          0          2          0     258400   dma_stm32f10x.o
      3512        578          0         70        526       9825   environment.o
         0          0       6304          0          0        748   glcd_fonts.o
      3296        146          0          9          0      25279   glcd_mcbstm32c.o
       744         76          0          0          0       6505   gpio_stm32f10x.o
         0          0          0          0          0       3148   led_mcbstm32c.o
       100         14          0          0          0     297429   main.o
       112         12          0          0          0       1140   misc.o
       300         18          0          0          0       6052   space.o
      3870        124        132         16         40      51132   spi_stm32f10x.o
         0          0      52008          0          0        572   sprites.o
        64         26        336          0       1536        824   startup_stm32f10x_cl.o
       396         10          0          0          0       8423   stm32f10x_adc.o
       160         12          0          0          0       1649   stm32f10x_exti.o
       342          4          0          0          0       2734   stm32f10x_gpio.o
       112         24          0          0          0       2371   stm32f10x_rcc.o
       426         62          0          0          0       6339   stm32f10x_tim.o
       652         56          0         20          0       3117   system_stm32f10x.o

    ----------------------------------------------------------------------
     15960       1362      58812        144       2132     713919   Object Totals
         0          0         32          0          0          0   (incl. Generated)
        22          0          0          7          4          0   (incl. Padding)

    ----------------------------------------------------------------------

      Code (inc. data)   RO Data    RW Data    ZI Data      Debug   Library Member Name

         8          0          0          0          0         68   __main.o
       104          0          0          0          0         84   __printf.o
         0          0          0          0          0          0   __rtentry.o
        12          0          0          0          0          0   __rtentry2.o
         6          0          0          0          0          0   __rtentry4.o
        52          8          0          0          0          0   __scatter.o
        26          0          0          0          0          0   __scatter_copy.o
        28          0          0          0          0          0   __scatter_zi.o
        48          6          0          0          0         96   _printf_char_common.o
         6          0          0          0          0          0   _printf_d.o
       120         16          0          0          0         92   _printf_dec.o
       178          0          0          0          0         88   _printf_intcommon.o
         0          0          0          0          0          0   _printf_percent.o
         4          0          0          0          0          0   _printf_percent_end.o
        22          0          0          0          0        100   _rserrno.o
        10          0          0          0          0         68   _sputc.o
        18          0          0          0          0         80   exit.o
         6          0          0          0          0        152   heapauxi.o
         0          0          0          0          0          0   indicate_semi.o
         2          0          0          0          0          0   libinit.o
         2          0          0          0          0          0   libinit2.o
         2          0          0          0          0          0   libshutdown.o
         2          0          0          0          0          0   libshutdown2.o
         8          4          0          0         96         68   libspace.o
        40          6          0          0          0         84   noretval__2sprintf.o
         8          4          0          0          0         68   rt_errno_addr_intlibspace.o
        78          0          0          0          0         80   rt_memclr_w.o
         2          0          0          0          0          0   rtexit.o
        10          0          0          0          0          0   rtexit2.o
        12          4          0          0          0         68   sys_exit.o
        74          0          0          0          0         80   sys_stackheap_outer.o
         2          0          0          0          0         68   use_no_semi.o
       826         16          0          0          0        348   daddsub_clz.o
        16          4          0          0          0         68   dcheck1.o
        24          0          0          0          0         68   dcmpi.o
       688        140          0          0          0        208   ddiv.o
        46          0          0          0          0         68   dflt_clz.o
       120          4          0          0          0         92   dleqf.o
       340         12          0          0          0        104   dmul.o
       156          4          0          0          0         92   dnaninf.o
        12          0          0          0          0         68   dretinf.o
       108          0          0          0          0         80   drleqf.o
       460         56          0          0          0        120   dsqrt_noumaal.o
       100          0          0          0          0         68   retnan.o
        92          0          0          0          0         68   scalbn.o
        48          0          0          0          0         68   trapv.o
         0          0          0          0          0          0   usenofp.o
        62         10          0          0          0        340   dunder.o
        40          0          0          0          0         68   fpclassify.o
       170          0          0          0          0         96   poly.o
      2520        190        136          0          0        324   pow.o
         0          0          8          0          0          0   qnan.o
        76          0          0          0          0         84   sqrt.o

    ----------------------------------------------------------------------
      6804        484        144          0        100       3776   Library Totals
        10          0          0          0          4          0   (incl. Padding)

    ----------------------------------------------------------------------

      Code (inc. data)   RO Data    RW Data    ZI Data      Debug   Library Name

       890         48          0          0         96       1344   c_w.l
      3036        236          0          0          0       1520   fz_ws.l
      2868        200        144          0          0        912   m_ws.l

    ----------------------------------------------------------------------
      6804        484        144          0        100       3776   Library Totals

    ----------------------------------------------------------------------

==============================================================================


      Code (inc. data)   RO Data    RW Data    ZI Data      Debug   

     22764       1846      58956        144       2232     708487   Grand Totals
     22764       1846      58956        144       2232     708487   ELF Image Totals
     22764       1846      58956        144          0          0   ROM Totals

==============================================================================

    Total RO  Size (Code + RO Data)                81720 (  79.80kB)
    Total RW  Size (RW Data + ZI Data)              2376 (   2.32kB)
    Total ROM Size (Code + RO Data + RW Data)      81864 (  79.95kB)

==============================================================================

